Using pre-set license
Built from '2022.3/release' branch; Version is '2022.3.61f1 (6c53ebaf375d) revision 7099371'; Using compiler version '192829333'; Build Type 'Release'
OS: 'Windows 10  (10.0.19045) 64bit Professional' Language: 'ko' Physical Memory: 32646 MB
BatchMode: 1, IsHumanControllingUs: 0, StartBugReporterOnCrash: 0, Is64bit: 1, IsPro: 1

COMMAND LINE ARGUMENTS:
C:\Program Files\Unity\Hub\Editor\2022.3.61f1\Editor\Unity.exe
-adb2
-batchMode
-noUpm
-name
AssetImportWorker0
-projectPath
C:/Users/WH/Documents/GitHub/Safe_Return_Home/SafeReturnHome
-logFile
Logs/AssetImportWorker0.log
-srvPort
53745
Successfully changed project path to: C:/Users/WH/Documents/GitHub/Safe_Return_Home/SafeReturnHome
C:/Users/WH/Documents/GitHub/Safe_Return_Home/SafeReturnHome
[UnityMemory] Configuration Parameters - Can be set up in boot.config
    "memorysetup-bucket-allocator-granularity=16"
    "memorysetup-bucket-allocator-bucket-count=8"
    "memorysetup-bucket-allocator-block-size=33554432"
    "memorysetup-bucket-allocator-block-count=8"
    "memorysetup-main-allocator-block-size=16777216"
    "memorysetup-thread-allocator-block-size=16777216"
    "memorysetup-gfx-main-allocator-block-size=16777216"
    "memorysetup-gfx-thread-allocator-block-size=16777216"
    "memorysetup-cache-allocator-block-size=4194304"
    "memorysetup-typetree-allocator-block-size=2097152"
    "memorysetup-profiler-bucket-allocator-granularity=16"
    "memorysetup-profiler-bucket-allocator-bucket-count=8"
    "memorysetup-profiler-bucket-allocator-block-size=33554432"
    "memorysetup-profiler-bucket-allocator-block-count=8"
    "memorysetup-profiler-allocator-block-size=16777216"
    "memorysetup-profiler-editor-allocator-block-size=1048576"
    "memorysetup-temp-allocator-size-main=16777216"
    "memorysetup-job-temp-allocator-block-size=2097152"
    "memorysetup-job-temp-allocator-block-size-background=1048576"
    "memorysetup-job-temp-allocator-reduction-small-platforms=262144"
    "memorysetup-allocator-temp-initial-block-size-main=262144"
    "memorysetup-allocator-temp-initial-block-size-worker=262144"
    "memorysetup-temp-allocator-size-background-worker=32768"
    "memorysetup-temp-allocator-size-job-worker=262144"
    "memorysetup-temp-allocator-size-preload-manager=33554432"
    "memorysetup-temp-allocator-size-nav-mesh-worker=65536"
    "memorysetup-temp-allocator-size-audio-worker=65536"
    "memorysetup-temp-allocator-size-cloud-worker=32768"
    "memorysetup-temp-allocator-size-gi-baking-worker=262144"
    "memorysetup-temp-allocator-size-gfx=262144"
Player connection [39604]  Target information:

Player connection [39604]  * "[IP] 192.168.219.101 [Port] 0 [Flags] 2 [Guid] 2681837261 [EditorId] 2681837261 [Version] 1048832 [Id] WindowsEditor(7,DESKTOP-R4COJG8) [Debug] 1 [PackageName] WindowsEditor [ProjectName] Editor" 

Player connection [39604] Host joined multi-casting on [225.0.0.222:54997]...
Player connection [39604] Host joined alternative multi-casting on [225.0.0.222:34997]...
Input System module state changed to: Initialized.
[PhysX] Initialized MultithreadedTaskDispatcher with 12 workers.
Refreshing native plugins compatible for Editor in 20.88 ms, found 3 plugins.
Preloading 0 native plugins for Editor in 0.00 ms.
Initialize engine version: 2022.3.61f1 (6c53ebaf375d)
[Subsystems] Discovering subsystems at path C:/Program Files/Unity/Hub/Editor/2022.3.61f1/Editor/Data/Resources/UnitySubsystems
[Subsystems] Discovering subsystems at path C:/Users/WH/Documents/GitHub/Safe_Return_Home/SafeReturnHome/Assets
GfxDevice: creating device client; threaded=0; jobified=0
Direct3D:
    Version:  Direct3D 11.0 [level 11.1]
    Renderer: NVIDIA GeForce GTX 1660 Ti (ID=0x2182)
    Vendor:   NVIDIA
    VRAM:     5966 MB
    Driver:   32.0.15.6094
Initialize mono
Mono path[0] = 'C:/Program Files/Unity/Hub/Editor/2022.3.61f1/Editor/Data/Managed'
Mono path[1] = 'C:/Program Files/Unity/Hub/Editor/2022.3.61f1/Editor/Data/MonoBleedingEdge/lib/mono/unityjit-win32'
Mono config path = 'C:/Program Files/Unity/Hub/Editor/2022.3.61f1/Editor/Data/MonoBleedingEdge/etc'
Using monoOptions --debugger-agent=transport=dt_socket,embedding=1,server=y,suspend=n,address=127.0.0.1:56476
Begin MonoManager ReloadAssembly
Registering precompiled unity dll's ...
Register platform support module: C:/Program Files/Unity/Hub/Editor/2022.3.61f1/Editor/Data/PlaybackEngines/AndroidPlayer/UnityEditor.Android.Extensions.dll
Register platform support module: C:/Program Files/Unity/Hub/Editor/2022.3.61f1/Editor/Data/PlaybackEngines/WindowsStandaloneSupport/UnityEditor.WindowsStandalone.Extensions.dll
Registered in 0.034262 seconds.
- Loaded All Assemblies, in  0.520 seconds
Native extension for WindowsStandalone target not found
Native extension for Android target not found
Android Extension - Scanning For ADB Devices 400 ms
Mono: successfully reloaded assembly
- Finished resetting the current domain, in  0.758 seconds
Domain Reload Profiling: 1271ms
	BeginReloadAssembly (171ms)
		ExecutionOrderSort (0ms)
		DisableScriptedObjects (0ms)
		BackupInstance (0ms)
		ReleaseScriptingObjects (0ms)
		CreateAndSetChildDomain (1ms)
	RebuildCommonClasses (42ms)
	RebuildNativeTypeToScriptingClass (12ms)
	initialDomainReloadingComplete (108ms)
	LoadAllAssembliesAndSetupDomain (180ms)
		LoadAssemblies (165ms)
		RebuildTransferFunctionScriptingTraits (0ms)
		AnalyzeDomain (176ms)
			TypeCache.Refresh (175ms)
				TypeCache.ScanAssembly (158ms)
			ScanForSourceGeneratedMonoScriptInfo (0ms)
			ResolveRequiredComponents (0ms)
	FinalizeReload (759ms)
		ReleaseScriptCaches (0ms)
		RebuildScriptCaches (0ms)
		SetupLoadedEditorAssemblies (703ms)
			LogAssemblyErrors (0ms)
			InitializePlatformSupportModulesInManaged (504ms)
			SetLoadedEditorAssemblies (4ms)
			RefreshPlugins (0ms)
			BeforeProcessingInitializeOnLoad (2ms)
			ProcessInitializeOnLoadAttributes (130ms)
			ProcessInitializeOnLoadMethodAttributes (63ms)
			AfterProcessingInitializeOnLoad (0ms)
			EditorAssembliesLoaded (0ms)
		ExecutionOrderSort2 (0ms)
		AwakeInstancesAfterBackupRestoration (0ms)
========================================================================
Worker process is ready to serve import requests
Caller must complete domain reload
Begin MonoManager ReloadAssembly
- Loaded All Assemblies, in  0.981 seconds
Native extension for WindowsStandalone target not found
Native extension for Android target not found
Mono: successfully reloaded assembly
- Finished resetting the current domain, in  0.678 seconds
Domain Reload Profiling: 1646ms
	BeginReloadAssembly (223ms)
		ExecutionOrderSort (0ms)
		DisableScriptedObjects (9ms)
		BackupInstance (0ms)
		ReleaseScriptingObjects (0ms)
		CreateAndSetChildDomain (23ms)
	RebuildCommonClasses (51ms)
	RebuildNativeTypeToScriptingClass (11ms)
	initialDomainReloadingComplete (69ms)
	LoadAllAssembliesAndSetupDomain (613ms)
		LoadAssemblies (548ms)
		RebuildTransferFunctionScriptingTraits (0ms)
		AnalyzeDomain (210ms)
			TypeCache.Refresh (185ms)
				TypeCache.ScanAssembly (166ms)
			ScanForSourceGeneratedMonoScriptInfo (16ms)
			ResolveRequiredComponents (7ms)
	FinalizeReload (678ms)
		ReleaseScriptCaches (0ms)
		RebuildScriptCaches (0ms)
		SetupLoadedEditorAssemblies (514ms)
			LogAssemblyErrors (0ms)
			InitializePlatformSupportModulesInManaged (32ms)
			SetLoadedEditorAssemblies (4ms)
			RefreshPlugins (0ms)
			BeforeProcessingInitializeOnLoad (94ms)
			ProcessInitializeOnLoadAttributes (329ms)
			ProcessInitializeOnLoadMethodAttributes (28ms)
			AfterProcessingInitializeOnLoad (26ms)
			EditorAssembliesLoaded (0ms)
		ExecutionOrderSort2 (0ms)
		AwakeInstancesAfterBackupRestoration (19ms)
Launched and connected shader compiler UnityShaderCompiler.exe after 0.05 seconds
Refreshing native plugins compatible for Editor in 11.67 ms, found 3 plugins.
Preloading 0 native plugins for Editor in 0.00 ms.
Unloading 3209 Unused Serialized files (Serialized files now loaded: 0)
Unloading 21 unused Assets / (55.0 KB). Loaded Objects now: 3681.
Memory consumption went from 125.1 MB to 125.1 MB.
Total: 2.990800 ms (FindLiveObjects: 0.281700 ms CreateObjectMapping: 0.294900 ms MarkObjects: 2.323200 ms  DeleteObjects: 0.090400 ms)

AssetImportParameters requested are different than current active one (requested -> active):
  custom:container-demuxer-ogg: 62fdf1f143b41e24485cea50d1cbac27 -> 
  custom:video-codec-MediaFoundation-h265: e54d7ab0439102e2317fc1e4b246158d -> 
  custom:video-decoder-ogg-theora: a1e56fd34408186e4bbccfd4996cb3dc -> 
  custom:framework-win-MediaFoundation: 216162199b28c13a410421893ffa2e32 -> 
  custom:CustomObjectIndexerAttribute: 9a22284fe3817be447336de3de66b15e -> 
  custom:container-demuxer-webm: 4f35f7cbe854078d1ac9338744f61a02 -> 
  custom:container-muxer-webm: aa71ff27fc2769a1b78a27578f13a17b -> 
  custom:video-decoder-webm-vp8: 9c59270c3fd7afecdb556c50c9e8de78 -> 
  custom:SearchIndexIgnoredProperties: e643bd26f0fe6173181afceb89e7c659 -> 
  custom:AudioImporter_EditorPlatform: d09bf68614088b80899f8185d706f6e7 -> 
  custom:video-encoder-webm-vp8: eb34c28f22e8b96e1ab97ce403110664 -> 
  custom:audio-decoder-ogg-vorbis: bf7c407c2cedff20999df2af8eb42d56 -> 
  custom:audio-encoder-webm-vorbis: bf7c407c2cedff20999df2af8eb42d56 -> 
========================================================================
Received Import Request.
  Time since last request: 2073691.679304 seconds.
  path: Assets/Scripts/SceneChange.cs
  artifactKey: Guid(b70f95b589342414f8c5bedea48bf9b4) Importer(815301076,1909f56bfc062723c751e8b465ee728b)
Start importing Assets/Scripts/SceneChange.cs using Guid(b70f95b589342414f8c5bedea48bf9b4) Importer(815301076,1909f56bfc062723c751e8b465ee728b) [PhysX] Initialized MultithreadedTaskDispatcher with 12 workers.
 -> (artifact id: 'f7c94b0838eaa1476edb0cde348677d5') in 0.002430 seconds
Number of updated asset objects reloaded before import = 0
Number of asset objects unloaded after import = 0
========================================================================
Received Prepare
Caller must complete domain reload
Begin MonoManager ReloadAssembly
- Loaded All Assemblies, in  0.704 seconds
Native extension for WindowsStandalone target not found
Native extension for Android target not found
Mono: successfully reloaded assembly
- Finished resetting the current domain, in  1.382 seconds
Domain Reload Profiling: 2073ms
	BeginReloadAssembly (215ms)
		ExecutionOrderSort (0ms)
		DisableScriptedObjects (5ms)
		BackupInstance (0ms)
		ReleaseScriptingObjects (0ms)
		CreateAndSetChildDomain (36ms)
	RebuildCommonClasses (36ms)
	RebuildNativeTypeToScriptingClass (12ms)
	initialDomainReloadingComplete (53ms)
	LoadAllAssembliesAndSetupDomain (374ms)
		LoadAssemblies (483ms)
		RebuildTransferFunctionScriptingTraits (0ms)
		AnalyzeDomain (23ms)
			TypeCache.Refresh (9ms)
				TypeCache.ScanAssembly (1ms)
			ScanForSourceGeneratedMonoScriptInfo (7ms)
			ResolveRequiredComponents (6ms)
	FinalizeReload (1382ms)
		ReleaseScriptCaches (0ms)
		RebuildScriptCaches (0ms)
		SetupLoadedEditorAssemblies (467ms)
			LogAssemblyErrors (0ms)
			InitializePlatformSupportModulesInManaged (31ms)
			SetLoadedEditorAssemblies (5ms)
			RefreshPlugins (0ms)
			BeforeProcessingInitializeOnLoad (98ms)
			ProcessInitializeOnLoadAttributes (283ms)
			ProcessInitializeOnLoadMethodAttributes (23ms)
			AfterProcessingInitializeOnLoad (28ms)
			EditorAssembliesLoaded (0ms)
		ExecutionOrderSort2 (0ms)
		AwakeInstancesAfterBackupRestoration (20ms)
Refreshing native plugins compatible for Editor in 9.35 ms, found 3 plugins.
Preloading 0 native plugins for Editor in 0.00 ms.
Unloading 3188 Unused Serialized files (Serialized files now loaded: 0)
Unloading 16 unused Assets / (28.5 KB). Loaded Objects now: 3684.
Memory consumption went from 121.0 MB to 121.0 MB.
Total: 2.610000 ms (FindLiveObjects: 0.256900 ms CreateObjectMapping: 0.265300 ms MarkObjects: 2.051400 ms  DeleteObjects: 0.035400 ms)

Prepare: number of updated asset objects reloaded= 0
AssetImportParameters requested are different than current active one (requested -> active):
  custom:container-demuxer-ogg: 62fdf1f143b41e24485cea50d1cbac27 -> 
  custom:video-codec-MediaFoundation-h265: e54d7ab0439102e2317fc1e4b246158d -> 
  custom:video-decoder-ogg-theora: a1e56fd34408186e4bbccfd4996cb3dc -> 
  custom:framework-win-MediaFoundation: 216162199b28c13a410421893ffa2e32 -> 
  custom:CustomObjectIndexerAttribute: 9a22284fe3817be447336de3de66b15e -> 
  custom:container-demuxer-webm: 4f35f7cbe854078d1ac9338744f61a02 -> 
  custom:container-muxer-webm: aa71ff27fc2769a1b78a27578f13a17b -> 
  custom:video-decoder-webm-vp8: 9c59270c3fd7afecdb556c50c9e8de78 -> 
  custom:SearchIndexIgnoredProperties: e643bd26f0fe6173181afceb89e7c659 -> 
  custom:AudioImporter_EditorPlatform: d09bf68614088b80899f8185d706f6e7 -> 
  custom:video-encoder-webm-vp8: eb34c28f22e8b96e1ab97ce403110664 -> 
  custom:audio-decoder-ogg-vorbis: bf7c407c2cedff20999df2af8eb42d56 -> 
  custom:audio-encoder-webm-vorbis: bf7c407c2cedff20999df2af8eb42d56 -> 
========================================================================
Received Prepare
Caller must complete domain reload
Begin MonoManager ReloadAssembly
- Loaded All Assemblies, in  0.713 seconds
Native extension for WindowsStandalone target not found
Native extension for Android target not found
Mono: successfully reloaded assembly
- Finished resetting the current domain, in  1.500 seconds
Domain Reload Profiling: 2201ms
	BeginReloadAssembly (211ms)
		ExecutionOrderSort (0ms)
		DisableScriptedObjects (8ms)
		BackupInstance (0ms)
		ReleaseScriptingObjects (0ms)
		CreateAndSetChildDomain (26ms)
	RebuildCommonClasses (39ms)
	RebuildNativeTypeToScriptingClass (13ms)
	initialDomainReloadingComplete (57ms)
	LoadAllAssembliesAndSetupDomain (381ms)
		LoadAssemblies (500ms)
		RebuildTransferFunctionScriptingTraits (0ms)
		AnalyzeDomain (17ms)
			TypeCache.Refresh (8ms)
				TypeCache.ScanAssembly (0ms)
			ScanForSourceGeneratedMonoScriptInfo (0ms)
			ResolveRequiredComponents (8ms)
	FinalizeReload (1500ms)
		ReleaseScriptCaches (0ms)
		RebuildScriptCaches (0ms)
		SetupLoadedEditorAssemblies (513ms)
			LogAssemblyErrors (0ms)
			InitializePlatformSupportModulesInManaged (38ms)
			SetLoadedEditorAssemblies (4ms)
			RefreshPlugins (0ms)
			BeforeProcessingInitializeOnLoad (103ms)
			ProcessInitializeOnLoadAttributes (314ms)
			ProcessInitializeOnLoadMethodAttributes (27ms)
			AfterProcessingInitializeOnLoad (27ms)
			EditorAssembliesLoaded (0ms)
		ExecutionOrderSort2 (0ms)
		AwakeInstancesAfterBackupRestoration (22ms)
Refreshing native plugins compatible for Editor in 11.32 ms, found 3 plugins.
Preloading 0 native plugins for Editor in 0.00 ms.
Unloading 3189 Unused Serialized files (Serialized files now loaded: 0)
Unloading 16 unused Assets / (28.6 KB). Loaded Objects now: 3687.
Memory consumption went from 121.2 MB to 121.2 MB.
Total: 2.897400 ms (FindLiveObjects: 0.264800 ms CreateObjectMapping: 0.286000 ms MarkObjects: 2.303400 ms  DeleteObjects: 0.042300 ms)

Prepare: number of updated asset objects reloaded= 0
AssetImportParameters requested are different than current active one (requested -> active):
  custom:container-demuxer-ogg: 62fdf1f143b41e24485cea50d1cbac27 -> 
  custom:video-codec-MediaFoundation-h265: e54d7ab0439102e2317fc1e4b246158d -> 
  custom:video-decoder-ogg-theora: a1e56fd34408186e4bbccfd4996cb3dc -> 
  custom:framework-win-MediaFoundation: 216162199b28c13a410421893ffa2e32 -> 
  custom:CustomObjectIndexerAttribute: 9a22284fe3817be447336de3de66b15e -> 
  custom:container-demuxer-webm: 4f35f7cbe854078d1ac9338744f61a02 -> 
  custom:container-muxer-webm: aa71ff27fc2769a1b78a27578f13a17b -> 
  custom:video-decoder-webm-vp8: 9c59270c3fd7afecdb556c50c9e8de78 -> 
  custom:SearchIndexIgnoredProperties: e643bd26f0fe6173181afceb89e7c659 -> 
  custom:AudioImporter_EditorPlatform: d09bf68614088b80899f8185d706f6e7 -> 
  custom:video-encoder-webm-vp8: eb34c28f22e8b96e1ab97ce403110664 -> 
  custom:audio-decoder-ogg-vorbis: bf7c407c2cedff20999df2af8eb42d56 -> 
  custom:audio-encoder-webm-vorbis: bf7c407c2cedff20999df2af8eb42d56 -> 
========================================================================
Received Prepare
Caller must complete domain reload
Begin MonoManager ReloadAssembly
- Loaded All Assemblies, in  0.699 seconds
Native extension for WindowsStandalone target not found
Native extension for Android target not found
Mono: successfully reloaded assembly
- Finished resetting the current domain, in  1.338 seconds
Domain Reload Profiling: 2024ms
	BeginReloadAssembly (206ms)
		ExecutionOrderSort (0ms)
		DisableScriptedObjects (6ms)
		BackupInstance (0ms)
		ReleaseScriptingObjects (0ms)
		CreateAndSetChildDomain (27ms)
	RebuildCommonClasses (37ms)
	RebuildNativeTypeToScriptingClass (12ms)
	initialDomainReloadingComplete (53ms)
	LoadAllAssembliesAndSetupDomain (377ms)
		LoadAssemblies (479ms)
		RebuildTransferFunctionScriptingTraits (0ms)
		AnalyzeDomain (31ms)
			TypeCache.Refresh (13ms)
				TypeCache.ScanAssembly (3ms)
			ScanForSourceGeneratedMonoScriptInfo (10ms)
			ResolveRequiredComponents (7ms)
	FinalizeReload (1339ms)
		ReleaseScriptCaches (0ms)
		RebuildScriptCaches (0ms)
		SetupLoadedEditorAssemblies (459ms)
			LogAssemblyErrors (0ms)
			InitializePlatformSupportModulesInManaged (31ms)
			SetLoadedEditorAssemblies (4ms)
			RefreshPlugins (0ms)
			BeforeProcessingInitializeOnLoad (97ms)
			ProcessInitializeOnLoadAttributes (277ms)
			ProcessInitializeOnLoadMethodAttributes (24ms)
			AfterProcessingInitializeOnLoad (26ms)
			EditorAssembliesLoaded (0ms)
		ExecutionOrderSort2 (0ms)
		AwakeInstancesAfterBackupRestoration (19ms)
Refreshing native plugins compatible for Editor in 9.96 ms, found 3 plugins.
Preloading 0 native plugins for Editor in 0.00 ms.
Unloading 3326 Unused Serialized files (Serialized files now loaded: 0)
Unloading 16 unused Assets / (28.4 KB). Loaded Objects now: 3827.
Memory consumption went from 123.8 MB to 123.7 MB.
Total: 2.882700 ms (FindLiveObjects: 0.285200 ms CreateObjectMapping: 0.299100 ms MarkObjects: 2.252200 ms  DeleteObjects: 0.045600 ms)

Prepare: number of updated asset objects reloaded= 0
AssetImportParameters requested are different than current active one (requested -> active):
  custom:scripting/monoscript/fileName/BuildParameters.cs: bd85c8a149ef959801dc7583c240bf8c -> 
  custom:scripting/monoscript/fileName/IBuildTasks.cs: ad73a7c5af5769af35e7121ce421c767 -> 
  custom:scripting/precompiled-assembly-types:Unity.ScriptableBuildPipeline: d3013a7ac4c7a8a2426d0dffcf800074 -> 
  custom:scripting/monoscript/fileName/TrackerExtensions.cs: 05c6facd03e82ea85ea8497944d142b2 -> 
  custom:scripting/monoscript/fileName/SceneDataWriteOperation.cs: 62fc06a44a6276d74f5ce5527ac1c0e7 -> 
  custom:scripting/monoscript/fileName/BuildCache.cs: ed18a1a079f7380eac8245801a570733 -> 
  custom:container-demuxer-ogg: 62fdf1f143b41e24485cea50d1cbac27 -> 
  custom:scripting/monoscript/fileName/PostWritingCallback.cs: 554018e4e98d586ae4dba2461cc09229 -> 
  custom:scripting/monoscript/fileName/SpookyHash.cs: ced234d9ef31626b6b07f6aab873119b -> 
  custom:scripting/monoscript/fileName/PreviewSceneDependencyData.cs: 0aa0e9fad79dc24aadab25b9d7a9b9a5 -> 
  custom:scripting/monoscript/fileName/GenerateSubAssetPathMaps.cs: c7987fa236ddbc39e6da8bcfe285d7c7 -> 
  custom:scripting/monoscript/fileName/VersionedCallbackAttribute.cs: 792d43fefe55909e52271f20ce4bd5db -> 
  custom:video-codec-MediaFoundation-h265: e54d7ab0439102e2317fc1e4b246158d -> 
  custom:scripting/monoscript/fileName/BuildLog.cs: f381a35baf9bd9880d2d4023ad70717e -> 
  custom:scripting/monoscript/fileName/ContentFileIdentifiers.cs: 7655f22dc8e01297e0fa51cc343ac6c9 -> 
  custom:scripting/monoscript/fileName/BundleExplictObjectLayout.cs: 7ebaaae109881757a2cd1a5aaeb77811 -> 
  custom:scripting/monoscript/fileName/IDependencyData.cs: 35a83d3a80674af5f8ca402d71bd60d0 -> 
  custom:scripting/monoscript/fileName/BuildResults.cs: ea29098741349f66a5c13be22430b91a -> 
  custom:video-decoder-ogg-theora: a1e56fd34408186e4bbccfd4996cb3dc -> 
  custom:scripting/monoscript/fileName/HashStream.cs: 79ad716994d62b2c0cafd2bf9cc6c712 -> 
  custom:scripting/monoscript/fileName/BuildContext.cs: 34a222ebebd3606fff156033d4c23266 -> 
  custom:scripting/monoscript/fileName/DefaultBuildTasks.cs: b93cbe91f00034105b24705dc67fc837 -> 
  custom:framework-win-MediaFoundation: 216162199b28c13a410421893ffa2e32 -> 
  custom:scripting/monoscript/fileName/CreateBuiltInShadersBundle.cs: e4f12aa9a6b849b3a7861bf492376679 -> 
  custom:scripting/monoscript/fileName/PlayerSettingsApi.cs: e8704eb198d8f61f68729b362e34f254 -> 
  custom:scripting/monoscript/fileName/ValidationMethods.cs: 0ca38beb753f491a65475578d824a594 -> 
  custom:scripting/monoscript/fileName/GenerateLinkXml.cs: 438676c0a3ae847305e5461d0d0dfb13 -> 
  custom:scripting/monoscript/fileName/AssetBundleWriteOperation.cs: db3d146633bcf83272b8d8ec27708373 -> 
  custom:scripting/monoscript/fileName/ExtensionMethods.cs: 4642d9c802c70c033ea67f5c9fc06bdb -> 
  custom:scripting/precompiled-assembly-types:Unity.ScriptableBuildPipeline.Editor: 3ca390981bea823edbc5c52067fa8d07 -> 
  custom:scripting/monoscript/fileName/LinkXMLGenerator.cs: ae9b4e49cd6473e74c6d00b7a9a5576c -> 
  custom:scripting/monoscript/fileName/HashingMethods.cs: 715cdfdde81dd1627a447579d5c1a2a8 -> 
  custom:scripting/monoscript/fileName/GraphicsSettingsApi.cs: e643b869c2bd158e219684eb7bac7d5a -> 
  custom:scripting/monoscript/fileName/SceneRawWriteOperation.cs: 5a20bbe9c2135f3c677809d25231ee39 -> 
  custom:scripting/monoscript/fileName/PrefabPackedIdentifiers.cs: 88eee9e87bb381ef74e5d164ea9612c4 -> 
  custom:scripting/monoscript/fileName/TaskCachingUtility.cs: 2abbe35728db88bbaa201e6c478a95f2 -> 
  custom:scripting/monoscript/fileName/CalculateSceneDependencyData.cs: 104fc632ee9eb1eac0995150ef581054 -> 
  custom:scripting/monoscript/fileName/BuildContent.cs: 8b98bc58cf5574343dc7ddad95d66a2a -> 
  custom:CustomObjectIndexerAttribute: 9a22284fe3817be447336de3de66b15e -> 
  custom:scripting/monoscript/fileName/CreateMonoScriptBundle.cs: 2583ca987d667d4dd92571cf56d8871f -> 
  custom:scripting/monoscript/fileName/StripUnusedSpriteSources.cs: 8e0de493596d68c81f185a4c7e2ecc3e -> 
  custom:scripting/monoscript/fileName/ProgressTracker.cs: 7cf527e59ae90a5de1d1297f2cf5b5d9 -> 
  custom:scripting/monoscript/fileName/QualitySettingsApi.cs: 8a81ef3b39ef7374ffa2c64379a5666c -> 
  custom:scripting/monoscript/fileName/GenerateBundleCommands.cs: df8cc1862a26a9b8b8065412bf4da3d1 -> 
  custom:scripting/monoscript/fileName/PostPackingCallback.cs: f0f64a598e599b8fee359c8bbbbb7967 -> 
  custom:container-demuxer-webm: 4f35f7cbe854078d1ac9338744f61a02 -> 
  custom:scripting/monoscript/fileName/DeSerializer.cs: 42de108158a2d64cff75d55be619c3d6 -> 
  custom:scripting/monoscript/fileName/ProgressLoggingTracker.cs: 5d288d40f7eb670174353f8188801c70 -> 
  custom:scripting/monoscript/fileName/IBuildResults.cs: 8b5b87d2e7d0fe52b18dffb583edf526 -> 
  custom:scripting/monoscript/fileName/ClusterBuildLayout.cs: 5771ce961e5c856dda3162f7e7866c51 -> 
  custom:scripting/monoscript/fileName/DumpToText.cs: 2dfe9c7754fbb721de687736d394e422 -> 
  custom:scripting/monoscript/fileName/HashingHelpers.cs: 0f7aeced044c9bfbe971ac41bd6b1b1e -> 
  custom:scripting/monoscript/fileName/FileCompressor.cs: 9e176c2b40f10af0783acadfcf93a0a6 -> 
  custom:scripting/monoscript/fileName/BuildCacheUtility.cs: 2743f002ee5eaa2b245807c6d3986866 -> 
  custom:scripting/monoscript/fileName/ContentPipeline.cs: 0099978ab3154e75ec02b02af05e3647 -> 
  custom:scripting/monoscript/fileName/IBuildSpriteData.cs: 70fcaabd919c2d8ed3f211908205c540 -> 
  custom:scripting/monoscript/fileName/BuildCallbacks.cs: e372553ccc5bfd1dd2d4f86e3433b7ac -> 
  custom:scripting/monoscript/fileName/CompatibilityAssetBundleManifest.cs: 8c821441185b5b6a41b701764a9456f7 -> 
  custom:scripting/monoscript/fileName/BuildTasksRunner.cs: 6061ed342a325c9c185a4b35bbfe23f3 -> 
  custom:scripting/monoscript/fileName/BuildExtendedAssetData.cs: 646a6ec8dded2f210e51a6a26a267c53 -> 
  custom:scripting/monoscript/fileName/BuildProfiler.cs: 20a6883e13cfb1c377baf8d9ad7c7108 -> 
  custom:container-muxer-webm: aa71ff27fc2769a1b78a27578f13a17b -> 
  custom:scripting/monoscript/fileName/IBuildContext.cs: 5ff9d28c8d4a4f1b753bc76a607083bf -> 
  custom:video-decoder-webm-vp8: 9c59270c3fd7afecdb556c50c9e8de78 -> 
  custom:scripting/monoscript/fileName/IBundleExplictObjectLayout.cs: ddaeb79a7a717f820f674015296294c0 -> 
  custom:scripting/monoscript/fileName/PostDependencyCallback.cs: eb19b86cfe0872246c64c5aa303dec70 -> 
  custom:scripting/monoscript/fileName/RebuildSpriteAtlasCache.cs: 4336dcac6b167662dc27a4b8cb534249 -> 
  custom:scripting/monoscript/fileName/BundleDetails.cs: c2ce173f3479298f0c344c217d376d24 -> 
  custom:SearchIndexIgnoredProperties: e643bd26f0fe6173181afceb89e7c659 -> 
  custom:scripting/monoscript/fileName/UpdateBundleObjectLayout.cs: d3e8743e5c2de0c9b031ff5de45c2faa -> 
  custom:scripting/monoscript/fileName/ReflectionExtensions.cs: 18deef64260ff7f38d0791626801b560 -> 
  custom:scripting/monoscript/fileName/USerialize.cs: 6f1fb90844e336a2331e02dcaf45180a -> 
  custom:AudioImporter_EditorPlatform: d09bf68614088b80899f8185d706f6e7 -> 
  custom:scripting/monoscript/fileName/IBuildContent.cs: 985433c3d816b7fe3356ac6fdd88a9c1 -> 
  custom:scripting/monoscript/fileName/IBuildParameters.cs: 5444d4b7b91f8f230014e0b0f1d671dc -> 
  custom:scripting/monoscript/fileName/CacheEntry.cs: 184ec4582c6a111a6d76b26e9882d8ac -> 
  custom:scripting/monoscript/fileName/CalculateCustomDependencyData.cs: 60157e862b4f285cab819b205d1dcc68 -> 
  custom:scripting/monoscript/fileName/RawWriteOperation.cs: 0c25d4a5522f2e528b1c316a8854d37d -> 
  custom:scripting/monoscript/fileName/IObjectDependencyData.cs: dab6b9b0a9d3dcde7acff38a7870ced5 -> 
  custom:scripting/monoscript/fileName/PostScriptsCallback.cs: 1cec4066ff38f9052245bd85d91b727c -> 
  custom:scripting/monoscript/fileName/IDeterministicIdentifiers.cs: 9fdfcaea74e444a0ad0fcc5b015d955f -> 
  custom:scripting/monoscript/fileName/Preferences.cs: 94e017b2eb5287f154bb9408b15c0487 -> 
  custom:scripting/monoscript/fileName/IProgressTracker.cs: 59e48e9e64fc66dccd13c436990f26d1 -> 
  custom:scripting/monoscript/fileName/LinearPackedIdentifiers.cs: f2ab3362c1bcc1efe300438e2ca25a9c -> 
  custom:scripting/monoscript/fileName/CommonStrings.cs: c37303b8ea4b24be7afe89e3c1f096f3 -> 
  custom:scripting/monoscript/fileName/BuildPlayerScripts.cs: 0f2fc29cfe25da306bd11569a87e99c9 -> 
  custom:scripting/monoscript/fileName/BuildWriteData.cs: 2cea0300b77fdbda33a3d90a3f600b08 -> 
  custom:scripting/monoscript/fileName/BuildLogger.cs: 43407796209bdb1c93ac5513c6439a81 -> 
  custom:scripting/monoscript/fileName/BuildSpriteData.cs: c829088ed78bbbb541c4780bcaac9f9e -> 
  custom:scripting/monoscript/fileName/IBuildCache.cs: b89b6b1c01287101de59d979a61eafa2 -> 
  custom:video-encoder-webm-vp8: eb34c28f22e8b96e1ab97ce403110664 -> 
  custom:scripting/monoscript/fileName/ContextInjector.cs: be93aa05045a7a9adf91118021d7b9ef -> 
  custom:scripting/monoscript/fileName/IWriteOperation.cs: f992fc85bf839520185f31965947c71e -> 
  custom:audio-decoder-ogg-vorbis: bf7c407c2cedff20999df2af8eb42d56 -> 
  custom:scripting/monoscript/fileName/SwitchToBuildPlatform.cs: 302951eb00ef533a7f8d4e2af60b1dbb -> 
  custom:scripting/monoscript/fileName/ArchiveAndCompressBundles.cs: a4f30b836ec7f461da7b1d8eed932e91 -> 
  custom:scripting/monoscript/fileName/MD4.cs: 78155ea9dc73b12fc02ca5bf12ab1a89 -> eb4100b4258ba66e68a6a8330d8ed4cc
  custom:scripting/monoscript/fileName/SceneBundleWriteOperation.cs: 32514961e31a58db7f78c6fb8757c75f -> 
  custom:scripting/monoscript/fileName/IBuildLog.cs: 543b8847c6c9094f2d90357f2bde8b30 -> 
  custom:scripting/monoscript/fileName/IAssetRepresentationData.cs: 4fd3029c6ddc21ad01839cd63f7e8552 -> 
  custom:scripting/monoscript/fileName/AppendBundleHash.cs: 4b529c191f72e41deab5ef0b8d08bb2f -> 
  custom:scripting/monoscript/fileName/Serializer.cs: 6c1de1ff1b6b7616ec79b8ee1445add4 -> d7df1b97d0a3bd0bb98fd4d2d5bf5d29
  custom:scripting/monoscript/fileName/GenerateBundlePacking.cs: e605bef1aeac04a952cb03f12b7d1b74 -> 
  custom:scripting/monoscript/fileName/GenerateBundleMaps.cs: 9a1c9e701ac353a3e9f794fda78e0a1c -> 
  custom:scripting/monoscript/fileName/SceneStateCleanup.cs: 31db7f5f98e9a1c904a3b9e4c43aa24b -> 
  custom:scripting/monoscript/fileName/IWriteData.cs: f2a238486c9cc3a5a9e531c07d54f232 -> 
  custom:scripting/monoscript/fileName/BuildInterfacesWrapper.cs: aeca1257cd6ce17b667e21eeaeaba2db -> 
  custom:scripting/monoscript/fileName/WriteSerializedFiles.cs: 9c94ef6dac7108c5c9e0e92e832d5652 -> 
  custom:audio-encoder-webm-vorbis: bf7c407c2cedff20999df2af8eb42d56 -> 
  custom:scripting/monoscript/fileName/ThreadingManager.cs: c9fc7fb2e109a60745bd85a84c04e0b5 -> 
  custom:scripting/monoscript/fileName/BuildDependencyData.cs: e86421eb6cd5a56c2f29fe865b6f6634 -> 
  custom:scripting/monoscript/fileName/CompatibilityBuildPipeline.cs: facf82cb07a5c10c38b56a00da8757a5 -> 
  custom:scripting/monoscript/fileName/CalculateAssetDependencyData.cs: 3543034cff244684ebe2b35b7e56cabb -> 
  custom:scripting/monoscript/fileName/Unity5PackedIdentifiers.cs: 2fef534b6f5a3f203548e50e8ca6fb59 -> 
========================================================================
Received Import Request.
  Time since last request: 452.091671 seconds.
  path: Assets/Scenes/FirstScene.unity
  artifactKey: Guid(768738313b8e853468219a1cd830f8cc) Importer(815301076,1909f56bfc062723c751e8b465ee728b)
Start importing Assets/Scenes/FirstScene.unity using Guid(768738313b8e853468219a1cd830f8cc) Importer(815301076,1909f56bfc062723c751e8b465ee728b) [PhysX] Initialized MultithreadedTaskDispatcher with 12 workers.
 -> (artifact id: '10edf4eef2f64dea99679e974748818c') in 0.004813 seconds
Number of updated asset objects reloaded before import = 0
Number of asset objects unloaded after import = 0
========================================================================
Received Prepare
Caller must complete domain reload
Begin MonoManager ReloadAssembly
- Loaded All Assemblies, in  0.743 seconds
Native extension for WindowsStandalone target not found
Native extension for Android target not found
Mono: successfully reloaded assembly
- Finished resetting the current domain, in  1.534 seconds
Domain Reload Profiling: 2263ms
	BeginReloadAssembly (214ms)
		ExecutionOrderSort (0ms)
		DisableScriptedObjects (5ms)
		BackupInstance (0ms)
		ReleaseScriptingObjects (0ms)
		CreateAndSetChildDomain (33ms)
	RebuildCommonClasses (46ms)
	RebuildNativeTypeToScriptingClass (13ms)
	initialDomainReloadingComplete (54ms)
	LoadAllAssembliesAndSetupDomain (403ms)
		LoadAssemblies (521ms)
		RebuildTransferFunctionScriptingTraits (0ms)
		AnalyzeDomain (18ms)
			TypeCache.Refresh (8ms)
				TypeCache.ScanAssembly (0ms)
			ScanForSourceGeneratedMonoScriptInfo (0ms)
			ResolveRequiredComponents (9ms)
	FinalizeReload (1534ms)
		ReleaseScriptCaches (0ms)
		RebuildScriptCaches (0ms)
		SetupLoadedEditorAssemblies (515ms)
			LogAssemblyErrors (0ms)
			InitializePlatformSupportModulesInManaged (35ms)
			SetLoadedEditorAssemblies (4ms)
			RefreshPlugins (0ms)
			BeforeProcessingInitializeOnLoad (106ms)
			ProcessInitializeOnLoadAttributes (317ms)
			ProcessInitializeOnLoadMethodAttributes (26ms)
			AfterProcessingInitializeOnLoad (27ms)
			EditorAssembliesLoaded (0ms)
		ExecutionOrderSort2 (0ms)
		AwakeInstancesAfterBackupRestoration (20ms)
Refreshing native plugins compatible for Editor in 11.08 ms, found 3 plugins.
Preloading 0 native plugins for Editor in 0.00 ms.
Unloading 3325 Unused Serialized files (Serialized files now loaded: 0)
Unloading 16 unused Assets / (28.5 KB). Loaded Objects now: 3830.
Memory consumption went from 123.5 MB to 123.5 MB.
Total: 3.275400 ms (FindLiveObjects: 0.337700 ms CreateObjectMapping: 0.291600 ms MarkObjects: 2.603500 ms  DeleteObjects: 0.041500 ms)

Prepare: number of updated asset objects reloaded= 0
AssetImportParameters requested are different than current active one (requested -> active):
  custom:scripting/monoscript/fileName/BuildParameters.cs: bd85c8a149ef959801dc7583c240bf8c -> 
  custom:scripting/monoscript/fileName/IBuildTasks.cs: ad73a7c5af5769af35e7121ce421c767 -> 
  custom:scripting/precompiled-assembly-types:Unity.ScriptableBuildPipeline: d3013a7ac4c7a8a2426d0dffcf800074 -> 
  custom:scripting/monoscript/fileName/TrackerExtensions.cs: 05c6facd03e82ea85ea8497944d142b2 -> 
  custom:scripting/monoscript/fileName/SceneDataWriteOperation.cs: 62fc06a44a6276d74f5ce5527ac1c0e7 -> 
  custom:scripting/monoscript/fileName/BuildCache.cs: ed18a1a079f7380eac8245801a570733 -> 
  custom:container-demuxer-ogg: 62fdf1f143b41e24485cea50d1cbac27 -> 
  custom:scripting/monoscript/fileName/PostWritingCallback.cs: 554018e4e98d586ae4dba2461cc09229 -> 
  custom:scripting/monoscript/fileName/SpookyHash.cs: ced234d9ef31626b6b07f6aab873119b -> 
  custom:scripting/monoscript/fileName/PreviewSceneDependencyData.cs: 0aa0e9fad79dc24aadab25b9d7a9b9a5 -> 
  custom:scripting/monoscript/fileName/GenerateSubAssetPathMaps.cs: c7987fa236ddbc39e6da8bcfe285d7c7 -> 
  custom:scripting/monoscript/fileName/VersionedCallbackAttribute.cs: 792d43fefe55909e52271f20ce4bd5db -> 
  custom:video-codec-MediaFoundation-h265: e54d7ab0439102e2317fc1e4b246158d -> 
  custom:scripting/monoscript/fileName/BuildLog.cs: f381a35baf9bd9880d2d4023ad70717e -> 
  custom:scripting/monoscript/fileName/ContentFileIdentifiers.cs: 7655f22dc8e01297e0fa51cc343ac6c9 -> 
  custom:scripting/monoscript/fileName/BundleExplictObjectLayout.cs: 7ebaaae109881757a2cd1a5aaeb77811 -> 
  custom:scripting/monoscript/fileName/IDependencyData.cs: 35a83d3a80674af5f8ca402d71bd60d0 -> 
  custom:scripting/monoscript/fileName/BuildResults.cs: ea29098741349f66a5c13be22430b91a -> 
  custom:video-decoder-ogg-theora: a1e56fd34408186e4bbccfd4996cb3dc -> 
  custom:scripting/monoscript/fileName/HashStream.cs: 79ad716994d62b2c0cafd2bf9cc6c712 -> 
  custom:scripting/monoscript/fileName/BuildContext.cs: 34a222ebebd3606fff156033d4c23266 -> 
  custom:scripting/monoscript/fileName/DefaultBuildTasks.cs: b93cbe91f00034105b24705dc67fc837 -> 
  custom:framework-win-MediaFoundation: 216162199b28c13a410421893ffa2e32 -> 
  custom:scripting/monoscript/fileName/CreateBuiltInShadersBundle.cs: e4f12aa9a6b849b3a7861bf492376679 -> 
  custom:scripting/monoscript/fileName/PlayerSettingsApi.cs: e8704eb198d8f61f68729b362e34f254 -> 
  custom:scripting/monoscript/fileName/ValidationMethods.cs: 0ca38beb753f491a65475578d824a594 -> 
  custom:scripting/monoscript/fileName/GenerateLinkXml.cs: 438676c0a3ae847305e5461d0d0dfb13 -> 
  custom:scripting/monoscript/fileName/AssetBundleWriteOperation.cs: db3d146633bcf83272b8d8ec27708373 -> 
  custom:scripting/monoscript/fileName/ExtensionMethods.cs: 4642d9c802c70c033ea67f5c9fc06bdb -> 
  custom:scripting/precompiled-assembly-types:Unity.ScriptableBuildPipeline.Editor: 3ca390981bea823edbc5c52067fa8d07 -> 
  custom:scripting/monoscript/fileName/LinkXMLGenerator.cs: ae9b4e49cd6473e74c6d00b7a9a5576c -> 
  custom:scripting/monoscript/fileName/HashingMethods.cs: 715cdfdde81dd1627a447579d5c1a2a8 -> 
  custom:scripting/monoscript/fileName/GraphicsSettingsApi.cs: e643b869c2bd158e219684eb7bac7d5a -> 
  custom:scripting/monoscript/fileName/SceneRawWriteOperation.cs: 5a20bbe9c2135f3c677809d25231ee39 -> 
  custom:scripting/monoscript/fileName/PrefabPackedIdentifiers.cs: 88eee9e87bb381ef74e5d164ea9612c4 -> 
  custom:scripting/monoscript/fileName/TaskCachingUtility.cs: 2abbe35728db88bbaa201e6c478a95f2 -> 
  custom:scripting/monoscript/fileName/CalculateSceneDependencyData.cs: 104fc632ee9eb1eac0995150ef581054 -> 
  custom:scripting/monoscript/fileName/BuildContent.cs: 8b98bc58cf5574343dc7ddad95d66a2a -> 
  custom:CustomObjectIndexerAttribute: 9a22284fe3817be447336de3de66b15e -> 
  custom:scripting/monoscript/fileName/CreateMonoScriptBundle.cs: 2583ca987d667d4dd92571cf56d8871f -> 
  custom:scripting/monoscript/fileName/StripUnusedSpriteSources.cs: 8e0de493596d68c81f185a4c7e2ecc3e -> 
  custom:scripting/monoscript/fileName/ProgressTracker.cs: 7cf527e59ae90a5de1d1297f2cf5b5d9 -> 
  custom:scripting/monoscript/fileName/QualitySettingsApi.cs: 8a81ef3b39ef7374ffa2c64379a5666c -> 
  custom:scripting/monoscript/fileName/GenerateBundleCommands.cs: df8cc1862a26a9b8b8065412bf4da3d1 -> 
  custom:scripting/monoscript/fileName/PostPackingCallback.cs: f0f64a598e599b8fee359c8bbbbb7967 -> 
  custom:container-demuxer-webm: 4f35f7cbe854078d1ac9338744f61a02 -> 
  custom:scripting/monoscript/fileName/DeSerializer.cs: 42de108158a2d64cff75d55be619c3d6 -> 
  custom:scripting/monoscript/fileName/ProgressLoggingTracker.cs: 5d288d40f7eb670174353f8188801c70 -> 
  custom:scripting/monoscript/fileName/IBuildResults.cs: 8b5b87d2e7d0fe52b18dffb583edf526 -> 
  custom:scripting/monoscript/fileName/ClusterBuildLayout.cs: 5771ce961e5c856dda3162f7e7866c51 -> 
  custom:scripting/monoscript/fileName/DumpToText.cs: 2dfe9c7754fbb721de687736d394e422 -> 
  custom:scripting/monoscript/fileName/HashingHelpers.cs: 0f7aeced044c9bfbe971ac41bd6b1b1e -> 
  custom:scripting/monoscript/fileName/FileCompressor.cs: 9e176c2b40f10af0783acadfcf93a0a6 -> 
  custom:scripting/monoscript/fileName/BuildCacheUtility.cs: 2743f002ee5eaa2b245807c6d3986866 -> 
  custom:scripting/monoscript/fileName/ContentPipeline.cs: 0099978ab3154e75ec02b02af05e3647 -> 
  custom:scripting/monoscript/fileName/IBuildSpriteData.cs: 70fcaabd919c2d8ed3f211908205c540 -> 
  custom:scripting/monoscript/fileName/BuildCallbacks.cs: e372553ccc5bfd1dd2d4f86e3433b7ac -> 
  custom:scripting/monoscript/fileName/CompatibilityAssetBundleManifest.cs: 8c821441185b5b6a41b701764a9456f7 -> 
  custom:scripting/monoscript/fileName/BuildTasksRunner.cs: 6061ed342a325c9c185a4b35bbfe23f3 -> 
  custom:scripting/monoscript/fileName/BuildExtendedAssetData.cs: 646a6ec8dded2f210e51a6a26a267c53 -> 
  custom:scripting/monoscript/fileName/BuildProfiler.cs: 20a6883e13cfb1c377baf8d9ad7c7108 -> 
  custom:container-muxer-webm: aa71ff27fc2769a1b78a27578f13a17b -> 
  custom:scripting/monoscript/fileName/IBuildContext.cs: 5ff9d28c8d4a4f1b753bc76a607083bf -> 
  custom:video-decoder-webm-vp8: 9c59270c3fd7afecdb556c50c9e8de78 -> 
  custom:scripting/monoscript/fileName/IBundleExplictObjectLayout.cs: ddaeb79a7a717f820f674015296294c0 -> 
  custom:scripting/monoscript/fileName/PostDependencyCallback.cs: eb19b86cfe0872246c64c5aa303dec70 -> 
  custom:scripting/monoscript/fileName/RebuildSpriteAtlasCache.cs: 4336dcac6b167662dc27a4b8cb534249 -> 
  custom:scripting/monoscript/fileName/BundleDetails.cs: c2ce173f3479298f0c344c217d376d24 -> 
  custom:SearchIndexIgnoredProperties: e643bd26f0fe6173181afceb89e7c659 -> 
  custom:scripting/monoscript/fileName/UpdateBundleObjectLayout.cs: d3e8743e5c2de0c9b031ff5de45c2faa -> 
  custom:scripting/monoscript/fileName/ReflectionExtensions.cs: 18deef64260ff7f38d0791626801b560 -> 
  custom:scripting/monoscript/fileName/USerialize.cs: 6f1fb90844e336a2331e02dcaf45180a -> 
  custom:AudioImporter_EditorPlatform: d09bf68614088b80899f8185d706f6e7 -> 
  custom:scripting/monoscript/fileName/IBuildContent.cs: 985433c3d816b7fe3356ac6fdd88a9c1 -> 
  custom:scripting/monoscript/fileName/IBuildParameters.cs: 5444d4b7b91f8f230014e0b0f1d671dc -> 
  custom:scripting/monoscript/fileName/CacheEntry.cs: 184ec4582c6a111a6d76b26e9882d8ac -> 
  custom:scripting/monoscript/fileName/CalculateCustomDependencyData.cs: 60157e862b4f285cab819b205d1dcc68 -> 
  custom:scripting/monoscript/fileName/RawWriteOperation.cs: 0c25d4a5522f2e528b1c316a8854d37d -> 
  custom:scripting/monoscript/fileName/IObjectDependencyData.cs: dab6b9b0a9d3dcde7acff38a7870ced5 -> 
  custom:scripting/monoscript/fileName/PostScriptsCallback.cs: 1cec4066ff38f9052245bd85d91b727c -> 
  custom:scripting/monoscript/fileName/IDeterministicIdentifiers.cs: 9fdfcaea74e444a0ad0fcc5b015d955f -> 
  custom:scripting/monoscript/fileName/Preferences.cs: 94e017b2eb5287f154bb9408b15c0487 -> 
  custom:scripting/monoscript/fileName/IProgressTracker.cs: 59e48e9e64fc66dccd13c436990f26d1 -> 
  custom:scripting/monoscript/fileName/LinearPackedIdentifiers.cs: f2ab3362c1bcc1efe300438e2ca25a9c -> 
  custom:scripting/monoscript/fileName/CommonStrings.cs: c37303b8ea4b24be7afe89e3c1f096f3 -> 
  custom:scripting/monoscript/fileName/BuildPlayerScripts.cs: 0f2fc29cfe25da306bd11569a87e99c9 -> 
  custom:scripting/monoscript/fileName/BuildWriteData.cs: 2cea0300b77fdbda33a3d90a3f600b08 -> 
  custom:scripting/monoscript/fileName/BuildLogger.cs: 43407796209bdb1c93ac5513c6439a81 -> 
  custom:scripting/monoscript/fileName/BuildSpriteData.cs: c829088ed78bbbb541c4780bcaac9f9e -> 
  custom:scripting/monoscript/fileName/IBuildCache.cs: b89b6b1c01287101de59d979a61eafa2 -> 
  custom:video-encoder-webm-vp8: eb34c28f22e8b96e1ab97ce403110664 -> 
  custom:scripting/monoscript/fileName/ContextInjector.cs: be93aa05045a7a9adf91118021d7b9ef -> 
  custom:scripting/monoscript/fileName/IWriteOperation.cs: f992fc85bf839520185f31965947c71e -> 
  custom:audio-decoder-ogg-vorbis: bf7c407c2cedff20999df2af8eb42d56 -> 
  custom:scripting/monoscript/fileName/SwitchToBuildPlatform.cs: 302951eb00ef533a7f8d4e2af60b1dbb -> 
  custom:scripting/monoscript/fileName/ArchiveAndCompressBundles.cs: a4f30b836ec7f461da7b1d8eed932e91 -> 
  custom:scripting/monoscript/fileName/MD4.cs: 78155ea9dc73b12fc02ca5bf12ab1a89 -> eb4100b4258ba66e68a6a8330d8ed4cc
  custom:scripting/monoscript/fileName/SceneBundleWriteOperation.cs: 32514961e31a58db7f78c6fb8757c75f -> 
  custom:scripting/monoscript/fileName/IBuildLog.cs: 543b8847c6c9094f2d90357f2bde8b30 -> 
  custom:scripting/monoscript/fileName/IAssetRepresentationData.cs: 4fd3029c6ddc21ad01839cd63f7e8552 -> 
  custom:scripting/monoscript/fileName/AppendBundleHash.cs: 4b529c191f72e41deab5ef0b8d08bb2f -> 
  custom:scripting/monoscript/fileName/Serializer.cs: 6c1de1ff1b6b7616ec79b8ee1445add4 -> d7df1b97d0a3bd0bb98fd4d2d5bf5d29
  custom:scripting/monoscript/fileName/GenerateBundlePacking.cs: e605bef1aeac04a952cb03f12b7d1b74 -> 
  custom:scripting/monoscript/fileName/GenerateBundleMaps.cs: 9a1c9e701ac353a3e9f794fda78e0a1c -> 
  custom:scripting/monoscript/fileName/SceneStateCleanup.cs: 31db7f5f98e9a1c904a3b9e4c43aa24b -> 
  custom:scripting/monoscript/fileName/IWriteData.cs: f2a238486c9cc3a5a9e531c07d54f232 -> 
  custom:scripting/monoscript/fileName/BuildInterfacesWrapper.cs: aeca1257cd6ce17b667e21eeaeaba2db -> 
  custom:scripting/monoscript/fileName/WriteSerializedFiles.cs: 9c94ef6dac7108c5c9e0e92e832d5652 -> 
  custom:audio-encoder-webm-vorbis: bf7c407c2cedff20999df2af8eb42d56 -> 
  custom:scripting/monoscript/fileName/ThreadingManager.cs: c9fc7fb2e109a60745bd85a84c04e0b5 -> 
  custom:scripting/monoscript/fileName/BuildDependencyData.cs: e86421eb6cd5a56c2f29fe865b6f6634 -> 
  custom:scripting/monoscript/fileName/CompatibilityBuildPipeline.cs: facf82cb07a5c10c38b56a00da8757a5 -> 
  custom:scripting/monoscript/fileName/CalculateAssetDependencyData.cs: 3543034cff244684ebe2b35b7e56cabb -> 
  custom:scripting/monoscript/fileName/Unity5PackedIdentifiers.cs: 2fef534b6f5a3f203548e50e8ca6fb59 -> 
========================================================================
Received Import Request.
  Time since last request: 40.546693 seconds.
  path: Assets/Scenes/GameScene.unity
  artifactKey: Guid(9fc0d4010bbf28b4594072e72b8655ab) Importer(815301076,1909f56bfc062723c751e8b465ee728b)
Start importing Assets/Scenes/GameScene.unity using Guid(9fc0d4010bbf28b4594072e72b8655ab) Importer(815301076,1909f56bfc062723c751e8b465ee728b) [PhysX] Initialized MultithreadedTaskDispatcher with 12 workers.
 -> (artifact id: 'aa9e965dd85e9b604ba64ee1806ddb28') in 0.002598 seconds
Number of updated asset objects reloaded before import = 0
Number of asset objects unloaded after import = 0
========================================================================
Received Import Request.
  Time since last request: 106.801506 seconds.
  path: Assets/TextMesh Pro/Examples & Extras/Resources/Fonts & Materials/Bangers SDF.asset
  artifactKey: Guid(125cb55b44b24c4393181402bc6200e6) Importer(815301076,1909f56bfc062723c751e8b465ee728b)
Start importing Assets/TextMesh Pro/Examples & Extras/Resources/Fonts & Materials/Bangers SDF.asset using Guid(125cb55b44b24c4393181402bc6200e6) Importer(815301076,1909f56bfc062723c751e8b465ee728b) [PhysX] Initialized MultithreadedTaskDispatcher with 12 workers.
[PhysX] Initialized MultithreadedTaskDispatcher with 12 workers.
[PhysX] Initialized MultithreadedTaskDispatcher with 12 workers.
 -> (artifact id: '3d4281a777cd4ed63584fd3c9533110b') in 0.145987 seconds
Number of updated asset objects reloaded before import = 0
Number of asset objects unloaded after import = 6
========================================================================
Received Import Request.
  Time since last request: 0.000021 seconds.
  path: Assets/TextMesh Pro/Fonts/KCCBangJeonghwanTTF SDF.asset
  artifactKey: Guid(bb44681273e13c34dbca17f15b5e2de0) Importer(815301076,1909f56bfc062723c751e8b465ee728b)
Start importing Assets/TextMesh Pro/Fonts/KCCBangJeonghwanTTF SDF.asset using Guid(bb44681273e13c34dbca17f15b5e2de0) Importer(815301076,1909f56bfc062723c751e8b465ee728b) [PhysX] Initialized MultithreadedTaskDispatcher with 12 workers.
[PhysX] Initialized MultithreadedTaskDispatcher with 12 workers.
[PhysX] Initialized MultithreadedTaskDispatcher with 12 workers.
 -> (artifact id: '6d047f74d938e972c0626bf714aed535') in 0.043751 seconds
Number of updated asset objects reloaded before import = 0
Number of asset objects unloaded after import = 6
========================================================================
Received Import Request.
  Time since last request: 0.000023 seconds.
  path: Assets/TextMesh Pro/Examples & Extras/Resources/Fonts & Materials/Oswald Bold SDF.asset
  artifactKey: Guid(0161d805a3764c089bef00bfe00793f5) Importer(815301076,1909f56bfc062723c751e8b465ee728b)
Start importing Assets/TextMesh Pro/Examples & Extras/Resources/Fonts & Materials/Oswald Bold SDF.asset using Guid(0161d805a3764c089bef00bfe00793f5) Importer(815301076,1909f56bfc062723c751e8b465ee728b) [PhysX] Initialized MultithreadedTaskDispatcher with 12 workers.
[PhysX] Initialized MultithreadedTaskDispatcher with 12 workers.
[PhysX] Initialized MultithreadedTaskDispatcher with 12 workers.
 -> (artifact id: 'fc712c8bc8dc1b8c5892a34baa4a54ab') in 0.039104 seconds
Number of updated asset objects reloaded before import = 0
Number of asset objects unloaded after import = 6
========================================================================
Received Prepare
Caller must complete domain reload
Begin MonoManager ReloadAssembly
- Loaded All Assemblies, in  0.715 seconds
Native extension for WindowsStandalone target not found
Native extension for Android target not found
Mono: successfully reloaded assembly
- Finished resetting the current domain, in  1.354 seconds
Domain Reload Profiling: 2056ms
	BeginReloadAssembly (212ms)
		ExecutionOrderSort (0ms)
		DisableScriptedObjects (4ms)
		BackupInstance (0ms)
		ReleaseScriptingObjects (0ms)
		CreateAndSetChildDomain (31ms)
	RebuildCommonClasses (37ms)
	RebuildNativeTypeToScriptingClass (12ms)
	initialDomainReloadingComplete (54ms)
	LoadAllAssembliesAndSetupDomain (387ms)
		LoadAssemblies (496ms)
		RebuildTransferFunctionScriptingTraits (0ms)
		AnalyzeDomain (27ms)
			TypeCache.Refresh (11ms)
				TypeCache.ScanAssembly (1ms)
			ScanForSourceGeneratedMonoScriptInfo (7ms)
			ResolveRequiredComponents (7ms)
	FinalizeReload (1355ms)
		ReleaseScriptCaches (0ms)
		RebuildScriptCaches (0ms)
		SetupLoadedEditorAssemblies (452ms)
			LogAssemblyErrors (0ms)
			InitializePlatformSupportModulesInManaged (30ms)
			SetLoadedEditorAssemblies (4ms)
			RefreshPlugins (0ms)
			BeforeProcessingInitializeOnLoad (96ms)
			ProcessInitializeOnLoadAttributes (272ms)
			ProcessInitializeOnLoadMethodAttributes (24ms)
			AfterProcessingInitializeOnLoad (25ms)
			EditorAssembliesLoaded (0ms)
		ExecutionOrderSort2 (0ms)
		AwakeInstancesAfterBackupRestoration (16ms)
Refreshing native plugins compatible for Editor in 10.89 ms, found 3 plugins.
Preloading 0 native plugins for Editor in 0.00 ms.
Unloading 3325 Unused Serialized files (Serialized files now loaded: 0)
Unloading 16 unused Assets / (28.5 KB). Loaded Objects now: 3877.
Memory consumption went from 128.3 MB to 128.2 MB.
Total: 2.996900 ms (FindLiveObjects: 0.289300 ms CreateObjectMapping: 0.311900 ms MarkObjects: 2.350000 ms  DeleteObjects: 0.045000 ms)

Prepare: number of updated asset objects reloaded= 0
AssetImportParameters requested are different than current active one (requested -> active):
  custom:scripting/monoscript/fileName/BuildParameters.cs: bd85c8a149ef959801dc7583c240bf8c -> 
  custom:scripting/monoscript/fileName/IBuildTasks.cs: ad73a7c5af5769af35e7121ce421c767 -> 
  custom:scripting/precompiled-assembly-types:Unity.ScriptableBuildPipeline: d3013a7ac4c7a8a2426d0dffcf800074 -> 
  custom:scripting/monoscript/fileName/TrackerExtensions.cs: 05c6facd03e82ea85ea8497944d142b2 -> 
  custom:scripting/monoscript/fileName/SceneDataWriteOperation.cs: 62fc06a44a6276d74f5ce5527ac1c0e7 -> 
  custom:scripting/monoscript/fileName/BuildCache.cs: ed18a1a079f7380eac8245801a570733 -> 
  custom:container-demuxer-ogg: 62fdf1f143b41e24485cea50d1cbac27 -> 
  custom:scripting/monoscript/fileName/PostWritingCallback.cs: 554018e4e98d586ae4dba2461cc09229 -> 
  custom:scripting/monoscript/fileName/SpookyHash.cs: ced234d9ef31626b6b07f6aab873119b -> 
  custom:scripting/monoscript/fileName/PreviewSceneDependencyData.cs: 0aa0e9fad79dc24aadab25b9d7a9b9a5 -> 
  custom:scripting/monoscript/fileName/GenerateSubAssetPathMaps.cs: c7987fa236ddbc39e6da8bcfe285d7c7 -> 
  custom:scripting/monoscript/fileName/VersionedCallbackAttribute.cs: 792d43fefe55909e52271f20ce4bd5db -> 
  custom:video-codec-MediaFoundation-h265: e54d7ab0439102e2317fc1e4b246158d -> 
  custom:scripting/monoscript/fileName/BuildLog.cs: f381a35baf9bd9880d2d4023ad70717e -> 
  custom:scripting/monoscript/fileName/ContentFileIdentifiers.cs: 7655f22dc8e01297e0fa51cc343ac6c9 -> 
  custom:scripting/monoscript/fileName/BundleExplictObjectLayout.cs: 7ebaaae109881757a2cd1a5aaeb77811 -> 
  custom:scripting/monoscript/fileName/IDependencyData.cs: 35a83d3a80674af5f8ca402d71bd60d0 -> 
  custom:scripting/monoscript/fileName/BuildResults.cs: ea29098741349f66a5c13be22430b91a -> 
  custom:video-decoder-ogg-theora: a1e56fd34408186e4bbccfd4996cb3dc -> 
  custom:scripting/monoscript/fileName/HashStream.cs: 79ad716994d62b2c0cafd2bf9cc6c712 -> 
  custom:scripting/monoscript/fileName/BuildContext.cs: 34a222ebebd3606fff156033d4c23266 -> 
  custom:scripting/monoscript/fileName/DefaultBuildTasks.cs: b93cbe91f00034105b24705dc67fc837 -> 
  custom:framework-win-MediaFoundation: 216162199b28c13a410421893ffa2e32 -> 
  custom:scripting/monoscript/fileName/CreateBuiltInShadersBundle.cs: e4f12aa9a6b849b3a7861bf492376679 -> 
  custom:scripting/monoscript/fileName/PlayerSettingsApi.cs: e8704eb198d8f61f68729b362e34f254 -> 
  custom:scripting/monoscript/fileName/ValidationMethods.cs: 0ca38beb753f491a65475578d824a594 -> 
  custom:scripting/monoscript/fileName/GenerateLinkXml.cs: 438676c0a3ae847305e5461d0d0dfb13 -> 
  custom:scripting/monoscript/fileName/AssetBundleWriteOperation.cs: db3d146633bcf83272b8d8ec27708373 -> 
  custom:scripting/monoscript/fileName/ExtensionMethods.cs: 4642d9c802c70c033ea67f5c9fc06bdb -> 
  custom:scripting/precompiled-assembly-types:Unity.ScriptableBuildPipeline.Editor: 3ca390981bea823edbc5c52067fa8d07 -> 
  custom:scripting/monoscript/fileName/LinkXMLGenerator.cs: ae9b4e49cd6473e74c6d00b7a9a5576c -> 
  custom:scripting/monoscript/fileName/HashingMethods.cs: 715cdfdde81dd1627a447579d5c1a2a8 -> 
  custom:scripting/monoscript/fileName/GraphicsSettingsApi.cs: e643b869c2bd158e219684eb7bac7d5a -> 
  custom:scripting/monoscript/fileName/SceneRawWriteOperation.cs: 5a20bbe9c2135f3c677809d25231ee39 -> 
  custom:scripting/monoscript/fileName/PrefabPackedIdentifiers.cs: 88eee9e87bb381ef74e5d164ea9612c4 -> 
  custom:scripting/monoscript/fileName/TaskCachingUtility.cs: 2abbe35728db88bbaa201e6c478a95f2 -> 
  custom:scripting/monoscript/fileName/CalculateSceneDependencyData.cs: 104fc632ee9eb1eac0995150ef581054 -> 
  custom:scripting/monoscript/fileName/BuildContent.cs: 8b98bc58cf5574343dc7ddad95d66a2a -> 
  custom:CustomObjectIndexerAttribute: 9a22284fe3817be447336de3de66b15e -> 
  custom:scripting/monoscript/fileName/CreateMonoScriptBundle.cs: 2583ca987d667d4dd92571cf56d8871f -> 
  custom:scripting/monoscript/fileName/StripUnusedSpriteSources.cs: 8e0de493596d68c81f185a4c7e2ecc3e -> 
  custom:scripting/monoscript/fileName/ProgressTracker.cs: 7cf527e59ae90a5de1d1297f2cf5b5d9 -> 
  custom:scripting/monoscript/fileName/QualitySettingsApi.cs: 8a81ef3b39ef7374ffa2c64379a5666c -> 
  custom:scripting/monoscript/fileName/GenerateBundleCommands.cs: df8cc1862a26a9b8b8065412bf4da3d1 -> 
  custom:scripting/monoscript/fileName/PostPackingCallback.cs: f0f64a598e599b8fee359c8bbbbb7967 -> 
  custom:container-demuxer-webm: 4f35f7cbe854078d1ac9338744f61a02 -> 
  custom:scripting/monoscript/fileName/DeSerializer.cs: 42de108158a2d64cff75d55be619c3d6 -> 
  custom:scripting/monoscript/fileName/ProgressLoggingTracker.cs: 5d288d40f7eb670174353f8188801c70 -> 
  custom:scripting/monoscript/fileName/IBuildResults.cs: 8b5b87d2e7d0fe52b18dffb583edf526 -> 
  custom:scripting/monoscript/fileName/ClusterBuildLayout.cs: 5771ce961e5c856dda3162f7e7866c51 -> 
  custom:scripting/monoscript/fileName/DumpToText.cs: 2dfe9c7754fbb721de687736d394e422 -> 
  custom:scripting/monoscript/fileName/HashingHelpers.cs: 0f7aeced044c9bfbe971ac41bd6b1b1e -> 
  custom:scripting/monoscript/fileName/FileCompressor.cs: 9e176c2b40f10af0783acadfcf93a0a6 -> 
  custom:scripting/monoscript/fileName/BuildCacheUtility.cs: 2743f002ee5eaa2b245807c6d3986866 -> 
  custom:scripting/monoscript/fileName/ContentPipeline.cs: 0099978ab3154e75ec02b02af05e3647 -> 
  custom:scripting/monoscript/fileName/IBuildSpriteData.cs: 70fcaabd919c2d8ed3f211908205c540 -> 
  custom:scripting/monoscript/fileName/BuildCallbacks.cs: e372553ccc5bfd1dd2d4f86e3433b7ac -> 
  custom:scripting/monoscript/fileName/CompatibilityAssetBundleManifest.cs: 8c821441185b5b6a41b701764a9456f7 -> 
  custom:scripting/monoscript/fileName/BuildTasksRunner.cs: 6061ed342a325c9c185a4b35bbfe23f3 -> 
  custom:scripting/monoscript/fileName/BuildExtendedAssetData.cs: 646a6ec8dded2f210e51a6a26a267c53 -> 
  custom:scripting/monoscript/fileName/BuildProfiler.cs: 20a6883e13cfb1c377baf8d9ad7c7108 -> 
  custom:container-muxer-webm: aa71ff27fc2769a1b78a27578f13a17b -> 
  custom:scripting/monoscript/fileName/IBuildContext.cs: 5ff9d28c8d4a4f1b753bc76a607083bf -> 
  custom:video-decoder-webm-vp8: 9c59270c3fd7afecdb556c50c9e8de78 -> 
  custom:scripting/monoscript/fileName/IBundleExplictObjectLayout.cs: ddaeb79a7a717f820f674015296294c0 -> 
  custom:scripting/monoscript/fileName/PostDependencyCallback.cs: eb19b86cfe0872246c64c5aa303dec70 -> 
  custom:scripting/monoscript/fileName/RebuildSpriteAtlasCache.cs: 4336dcac6b167662dc27a4b8cb534249 -> 
  custom:scripting/monoscript/fileName/BundleDetails.cs: c2ce173f3479298f0c344c217d376d24 -> 
  custom:SearchIndexIgnoredProperties: e643bd26f0fe6173181afceb89e7c659 -> 
  custom:scripting/monoscript/fileName/UpdateBundleObjectLayout.cs: d3e8743e5c2de0c9b031ff5de45c2faa -> 
  custom:scripting/monoscript/fileName/ReflectionExtensions.cs: 18deef64260ff7f38d0791626801b560 -> 
  custom:scripting/monoscript/fileName/USerialize.cs: 6f1fb90844e336a2331e02dcaf45180a -> 
  custom:AudioImporter_EditorPlatform: d09bf68614088b80899f8185d706f6e7 -> 
  custom:scripting/monoscript/fileName/IBuildContent.cs: 985433c3d816b7fe3356ac6fdd88a9c1 -> 
  custom:scripting/monoscript/fileName/IBuildParameters.cs: 5444d4b7b91f8f230014e0b0f1d671dc -> 
  custom:scripting/monoscript/fileName/CacheEntry.cs: 184ec4582c6a111a6d76b26e9882d8ac -> 
  custom:scripting/monoscript/fileName/CalculateCustomDependencyData.cs: 60157e862b4f285cab819b205d1dcc68 -> 
  custom:scripting/monoscript/fileName/RawWriteOperation.cs: 0c25d4a5522f2e528b1c316a8854d37d -> 
  custom:scripting/monoscript/fileName/IObjectDependencyData.cs: dab6b9b0a9d3dcde7acff38a7870ced5 -> 
  custom:scripting/monoscript/fileName/PostScriptsCallback.cs: 1cec4066ff38f9052245bd85d91b727c -> 
  custom:scripting/monoscript/fileName/IDeterministicIdentifiers.cs: 9fdfcaea74e444a0ad0fcc5b015d955f -> 
  custom:scripting/monoscript/fileName/Preferences.cs: 94e017b2eb5287f154bb9408b15c0487 -> 
  custom:scripting/monoscript/fileName/IProgressTracker.cs: 59e48e9e64fc66dccd13c436990f26d1 -> 
  custom:scripting/monoscript/fileName/LinearPackedIdentifiers.cs: f2ab3362c1bcc1efe300438e2ca25a9c -> 
  custom:scripting/monoscript/fileName/CommonStrings.cs: c37303b8ea4b24be7afe89e3c1f096f3 -> 
  custom:scripting/monoscript/fileName/BuildPlayerScripts.cs: 0f2fc29cfe25da306bd11569a87e99c9 -> 
  custom:scripting/monoscript/fileName/BuildWriteData.cs: 2cea0300b77fdbda33a3d90a3f600b08 -> 
  custom:scripting/monoscript/fileName/BuildLogger.cs: 43407796209bdb1c93ac5513c6439a81 -> 
  custom:scripting/monoscript/fileName/BuildSpriteData.cs: c829088ed78bbbb541c4780bcaac9f9e -> 
  custom:scripting/monoscript/fileName/IBuildCache.cs: b89b6b1c01287101de59d979a61eafa2 -> 
  custom:video-encoder-webm-vp8: eb34c28f22e8b96e1ab97ce403110664 -> 
  custom:scripting/monoscript/fileName/ContextInjector.cs: be93aa05045a7a9adf91118021d7b9ef -> 
  custom:scripting/monoscript/fileName/IWriteOperation.cs: f992fc85bf839520185f31965947c71e -> 
  custom:audio-decoder-ogg-vorbis: bf7c407c2cedff20999df2af8eb42d56 -> 
  custom:scripting/monoscript/fileName/SwitchToBuildPlatform.cs: 302951eb00ef533a7f8d4e2af60b1dbb -> 
  custom:scripting/monoscript/fileName/ArchiveAndCompressBundles.cs: a4f30b836ec7f461da7b1d8eed932e91 -> 
  custom:scripting/monoscript/fileName/MD4.cs: 78155ea9dc73b12fc02ca5bf12ab1a89 -> eb4100b4258ba66e68a6a8330d8ed4cc
  custom:scripting/monoscript/fileName/SceneBundleWriteOperation.cs: 32514961e31a58db7f78c6fb8757c75f -> 
  custom:scripting/monoscript/fileName/IBuildLog.cs: 543b8847c6c9094f2d90357f2bde8b30 -> 
  custom:scripting/monoscript/fileName/IAssetRepresentationData.cs: 4fd3029c6ddc21ad01839cd63f7e8552 -> 
  custom:scripting/monoscript/fileName/AppendBundleHash.cs: 4b529c191f72e41deab5ef0b8d08bb2f -> 
  custom:scripting/monoscript/fileName/Serializer.cs: 6c1de1ff1b6b7616ec79b8ee1445add4 -> d7df1b97d0a3bd0bb98fd4d2d5bf5d29
  custom:scripting/monoscript/fileName/GenerateBundlePacking.cs: e605bef1aeac04a952cb03f12b7d1b74 -> 
  custom:scripting/monoscript/fileName/GenerateBundleMaps.cs: 9a1c9e701ac353a3e9f794fda78e0a1c -> 
  custom:scripting/monoscript/fileName/SceneStateCleanup.cs: 31db7f5f98e9a1c904a3b9e4c43aa24b -> 
  custom:scripting/monoscript/fileName/IWriteData.cs: f2a238486c9cc3a5a9e531c07d54f232 -> 
  custom:scripting/monoscript/fileName/BuildInterfacesWrapper.cs: aeca1257cd6ce17b667e21eeaeaba2db -> 
  custom:scripting/monoscript/fileName/WriteSerializedFiles.cs: 9c94ef6dac7108c5c9e0e92e832d5652 -> 
  custom:audio-encoder-webm-vorbis: bf7c407c2cedff20999df2af8eb42d56 -> 
  custom:scripting/monoscript/fileName/ThreadingManager.cs: c9fc7fb2e109a60745bd85a84c04e0b5 -> 
  custom:scripting/monoscript/fileName/BuildDependencyData.cs: e86421eb6cd5a56c2f29fe865b6f6634 -> 
  custom:scripting/monoscript/fileName/CompatibilityBuildPipeline.cs: facf82cb07a5c10c38b56a00da8757a5 -> 
  custom:scripting/monoscript/fileName/CalculateAssetDependencyData.cs: 3543034cff244684ebe2b35b7e56cabb -> 
  custom:scripting/monoscript/fileName/Unity5PackedIdentifiers.cs: 2fef534b6f5a3f203548e50e8ca6fb59 -> 
========================================================================
Received Prepare
Caller must complete domain reload
Begin MonoManager ReloadAssembly
- Loaded All Assemblies, in  0.703 seconds
Native extension for WindowsStandalone target not found
Native extension for Android target not found
Mono: successfully reloaded assembly
- Finished resetting the current domain, in  1.605 seconds
Domain Reload Profiling: 2295ms
	BeginReloadAssembly (208ms)
		ExecutionOrderSort (0ms)
		DisableScriptedObjects (5ms)
		BackupInstance (0ms)
		ReleaseScriptingObjects (0ms)
		CreateAndSetChildDomain (27ms)
	RebuildCommonClasses (37ms)
	RebuildNativeTypeToScriptingClass (11ms)
	initialDomainReloadingComplete (53ms)
	LoadAllAssembliesAndSetupDomain (381ms)
		LoadAssemblies (501ms)
		RebuildTransferFunctionScriptingTraits (0ms)
		AnalyzeDomain (17ms)
			TypeCache.Refresh (7ms)
				TypeCache.ScanAssembly (0ms)
			ScanForSourceGeneratedMonoScriptInfo (0ms)
			ResolveRequiredComponents (9ms)
	FinalizeReload (1605ms)
		ReleaseScriptCaches (0ms)
		RebuildScriptCaches (0ms)
		SetupLoadedEditorAssemblies (557ms)
			LogAssemblyErrors (0ms)
			InitializePlatformSupportModulesInManaged (38ms)
			SetLoadedEditorAssemblies (4ms)
			RefreshPlugins (0ms)
			BeforeProcessingInitializeOnLoad (115ms)
			ProcessInitializeOnLoadAttributes (343ms)
			ProcessInitializeOnLoadMethodAttributes (27ms)
			AfterProcessingInitializeOnLoad (29ms)
			EditorAssembliesLoaded (0ms)
		ExecutionOrderSort2 (0ms)
		AwakeInstancesAfterBackupRestoration (19ms)
Refreshing native plugins compatible for Editor in 11.17 ms, found 3 plugins.
Preloading 0 native plugins for Editor in 0.00 ms.
Unloading 3326 Unused Serialized files (Serialized files now loaded: 0)
Unloading 16 unused Assets / (28.5 KB). Loaded Objects now: 3880.
Memory consumption went from 128.5 MB to 128.5 MB.
Total: 2.766200 ms (FindLiveObjects: 0.289300 ms CreateObjectMapping: 0.251900 ms MarkObjects: 2.180900 ms  DeleteObjects: 0.042900 ms)

Prepare: number of updated asset objects reloaded= 0
AssetImportParameters requested are different than current active one (requested -> active):
  custom:scripting/monoscript/fileName/BuildParameters.cs: bd85c8a149ef959801dc7583c240bf8c -> 
  custom:scripting/monoscript/fileName/IBuildTasks.cs: ad73a7c5af5769af35e7121ce421c767 -> 
  custom:scripting/precompiled-assembly-types:Unity.ScriptableBuildPipeline: d3013a7ac4c7a8a2426d0dffcf800074 -> 
  custom:scripting/monoscript/fileName/TrackerExtensions.cs: 05c6facd03e82ea85ea8497944d142b2 -> 
  custom:scripting/monoscript/fileName/SceneDataWriteOperation.cs: 62fc06a44a6276d74f5ce5527ac1c0e7 -> 
  custom:scripting/monoscript/fileName/BuildCache.cs: ed18a1a079f7380eac8245801a570733 -> 
  custom:container-demuxer-ogg: 62fdf1f143b41e24485cea50d1cbac27 -> 
  custom:scripting/monoscript/fileName/PostWritingCallback.cs: 554018e4e98d586ae4dba2461cc09229 -> 
  custom:scripting/monoscript/fileName/SpookyHash.cs: ced234d9ef31626b6b07f6aab873119b -> 
  custom:scripting/monoscript/fileName/PreviewSceneDependencyData.cs: 0aa0e9fad79dc24aadab25b9d7a9b9a5 -> 
  custom:scripting/monoscript/fileName/GenerateSubAssetPathMaps.cs: c7987fa236ddbc39e6da8bcfe285d7c7 -> 
  custom:scripting/monoscript/fileName/VersionedCallbackAttribute.cs: 792d43fefe55909e52271f20ce4bd5db -> 
  custom:video-codec-MediaFoundation-h265: e54d7ab0439102e2317fc1e4b246158d -> 
  custom:scripting/monoscript/fileName/BuildLog.cs: f381a35baf9bd9880d2d4023ad70717e -> 
  custom:scripting/monoscript/fileName/ContentFileIdentifiers.cs: 7655f22dc8e01297e0fa51cc343ac6c9 -> 
  custom:scripting/monoscript/fileName/BundleExplictObjectLayout.cs: 7ebaaae109881757a2cd1a5aaeb77811 -> 
  custom:scripting/monoscript/fileName/IDependencyData.cs: 35a83d3a80674af5f8ca402d71bd60d0 -> 
  custom:scripting/monoscript/fileName/BuildResults.cs: ea29098741349f66a5c13be22430b91a -> 
  custom:video-decoder-ogg-theora: a1e56fd34408186e4bbccfd4996cb3dc -> 
  custom:scripting/monoscript/fileName/HashStream.cs: 79ad716994d62b2c0cafd2bf9cc6c712 -> 
  custom:scripting/monoscript/fileName/BuildContext.cs: 34a222ebebd3606fff156033d4c23266 -> 
  custom:scripting/monoscript/fileName/DefaultBuildTasks.cs: b93cbe91f00034105b24705dc67fc837 -> 
  custom:framework-win-MediaFoundation: 216162199b28c13a410421893ffa2e32 -> 
  custom:scripting/monoscript/fileName/CreateBuiltInShadersBundle.cs: e4f12aa9a6b849b3a7861bf492376679 -> 
  custom:scripting/monoscript/fileName/PlayerSettingsApi.cs: e8704eb198d8f61f68729b362e34f254 -> 
  custom:scripting/monoscript/fileName/ValidationMethods.cs: 0ca38beb753f491a65475578d824a594 -> 
  custom:scripting/monoscript/fileName/GenerateLinkXml.cs: 438676c0a3ae847305e5461d0d0dfb13 -> 
  custom:scripting/monoscript/fileName/AssetBundleWriteOperation.cs: db3d146633bcf83272b8d8ec27708373 -> 
  custom:scripting/monoscript/fileName/ExtensionMethods.cs: 4642d9c802c70c033ea67f5c9fc06bdb -> 
  custom:scripting/precompiled-assembly-types:Unity.ScriptableBuildPipeline.Editor: 3ca390981bea823edbc5c52067fa8d07 -> 
  custom:scripting/monoscript/fileName/LinkXMLGenerator.cs: ae9b4e49cd6473e74c6d00b7a9a5576c -> 
  custom:scripting/monoscript/fileName/HashingMethods.cs: 715cdfdde81dd1627a447579d5c1a2a8 -> 
  custom:scripting/monoscript/fileName/GraphicsSettingsApi.cs: e643b869c2bd158e219684eb7bac7d5a -> 
  custom:scripting/monoscript/fileName/SceneRawWriteOperation.cs: 5a20bbe9c2135f3c677809d25231ee39 -> 
  custom:scripting/monoscript/fileName/PrefabPackedIdentifiers.cs: 88eee9e87bb381ef74e5d164ea9612c4 -> 
  custom:scripting/monoscript/fileName/TaskCachingUtility.cs: 2abbe35728db88bbaa201e6c478a95f2 -> 
  custom:scripting/monoscript/fileName/CalculateSceneDependencyData.cs: 104fc632ee9eb1eac0995150ef581054 -> 
  custom:scripting/monoscript/fileName/BuildContent.cs: 8b98bc58cf5574343dc7ddad95d66a2a -> 
  custom:CustomObjectIndexerAttribute: 9a22284fe3817be447336de3de66b15e -> 
  custom:scripting/monoscript/fileName/CreateMonoScriptBundle.cs: 2583ca987d667d4dd92571cf56d8871f -> 
  custom:scripting/monoscript/fileName/StripUnusedSpriteSources.cs: 8e0de493596d68c81f185a4c7e2ecc3e -> 
  custom:scripting/monoscript/fileName/ProgressTracker.cs: 7cf527e59ae90a5de1d1297f2cf5b5d9 -> 
  custom:scripting/monoscript/fileName/QualitySettingsApi.cs: 8a81ef3b39ef7374ffa2c64379a5666c -> 
  custom:scripting/monoscript/fileName/GenerateBundleCommands.cs: df8cc1862a26a9b8b8065412bf4da3d1 -> 
  custom:scripting/monoscript/fileName/PostPackingCallback.cs: f0f64a598e599b8fee359c8bbbbb7967 -> 
  custom:container-demuxer-webm: 4f35f7cbe854078d1ac9338744f61a02 -> 
  custom:scripting/monoscript/fileName/DeSerializer.cs: 42de108158a2d64cff75d55be619c3d6 -> 
  custom:scripting/monoscript/fileName/ProgressLoggingTracker.cs: 5d288d40f7eb670174353f8188801c70 -> 
  custom:scripting/monoscript/fileName/IBuildResults.cs: 8b5b87d2e7d0fe52b18dffb583edf526 -> 
  custom:scripting/monoscript/fileName/ClusterBuildLayout.cs: 5771ce961e5c856dda3162f7e7866c51 -> 
  custom:scripting/monoscript/fileName/DumpToText.cs: 2dfe9c7754fbb721de687736d394e422 -> 
  custom:scripting/monoscript/fileName/HashingHelpers.cs: 0f7aeced044c9bfbe971ac41bd6b1b1e -> 
  custom:scripting/monoscript/fileName/FileCompressor.cs: 9e176c2b40f10af0783acadfcf93a0a6 -> 
  custom:scripting/monoscript/fileName/BuildCacheUtility.cs: 2743f002ee5eaa2b245807c6d3986866 -> 
  custom:scripting/monoscript/fileName/ContentPipeline.cs: 0099978ab3154e75ec02b02af05e3647 -> 
  custom:scripting/monoscript/fileName/IBuildSpriteData.cs: 70fcaabd919c2d8ed3f211908205c540 -> 
  custom:scripting/monoscript/fileName/BuildCallbacks.cs: e372553ccc5bfd1dd2d4f86e3433b7ac -> 
  custom:scripting/monoscript/fileName/CompatibilityAssetBundleManifest.cs: 8c821441185b5b6a41b701764a9456f7 -> 
  custom:scripting/monoscript/fileName/BuildTasksRunner.cs: 6061ed342a325c9c185a4b35bbfe23f3 -> 
  custom:scripting/monoscript/fileName/BuildExtendedAssetData.cs: 646a6ec8dded2f210e51a6a26a267c53 -> 
  custom:scripting/monoscript/fileName/BuildProfiler.cs: 20a6883e13cfb1c377baf8d9ad7c7108 -> 
  custom:container-muxer-webm: aa71ff27fc2769a1b78a27578f13a17b -> 
  custom:scripting/monoscript/fileName/IBuildContext.cs: 5ff9d28c8d4a4f1b753bc76a607083bf -> 
  custom:video-decoder-webm-vp8: 9c59270c3fd7afecdb556c50c9e8de78 -> 
  custom:scripting/monoscript/fileName/IBundleExplictObjectLayout.cs: ddaeb79a7a717f820f674015296294c0 -> 
  custom:scripting/monoscript/fileName/PostDependencyCallback.cs: eb19b86cfe0872246c64c5aa303dec70 -> 
  custom:scripting/monoscript/fileName/RebuildSpriteAtlasCache.cs: 4336dcac6b167662dc27a4b8cb534249 -> 
  custom:scripting/monoscript/fileName/BundleDetails.cs: c2ce173f3479298f0c344c217d376d24 -> 
  custom:SearchIndexIgnoredProperties: e643bd26f0fe6173181afceb89e7c659 -> 
  custom:scripting/monoscript/fileName/UpdateBundleObjectLayout.cs: d3e8743e5c2de0c9b031ff5de45c2faa -> 
  custom:scripting/monoscript/fileName/ReflectionExtensions.cs: 18deef64260ff7f38d0791626801b560 -> 
  custom:scripting/monoscript/fileName/USerialize.cs: 6f1fb90844e336a2331e02dcaf45180a -> 
  custom:AudioImporter_EditorPlatform: d09bf68614088b80899f8185d706f6e7 -> 
  custom:scripting/monoscript/fileName/IBuildContent.cs: 985433c3d816b7fe3356ac6fdd88a9c1 -> 
  custom:scripting/monoscript/fileName/IBuildParameters.cs: 5444d4b7b91f8f230014e0b0f1d671dc -> 
  custom:scripting/monoscript/fileName/CacheEntry.cs: 184ec4582c6a111a6d76b26e9882d8ac -> 
  custom:scripting/monoscript/fileName/CalculateCustomDependencyData.cs: 60157e862b4f285cab819b205d1dcc68 -> 
  custom:scripting/monoscript/fileName/RawWriteOperation.cs: 0c25d4a5522f2e528b1c316a8854d37d -> 
  custom:scripting/monoscript/fileName/IObjectDependencyData.cs: dab6b9b0a9d3dcde7acff38a7870ced5 -> 
  custom:scripting/monoscript/fileName/PostScriptsCallback.cs: 1cec4066ff38f9052245bd85d91b727c -> 
  custom:scripting/monoscript/fileName/IDeterministicIdentifiers.cs: 9fdfcaea74e444a0ad0fcc5b015d955f -> 
  custom:scripting/monoscript/fileName/Preferences.cs: 94e017b2eb5287f154bb9408b15c0487 -> 
  custom:scripting/monoscript/fileName/IProgressTracker.cs: 59e48e9e64fc66dccd13c436990f26d1 -> 
  custom:scripting/monoscript/fileName/LinearPackedIdentifiers.cs: f2ab3362c1bcc1efe300438e2ca25a9c -> 
  custom:scripting/monoscript/fileName/CommonStrings.cs: c37303b8ea4b24be7afe89e3c1f096f3 -> 
  custom:scripting/monoscript/fileName/BuildPlayerScripts.cs: 0f2fc29cfe25da306bd11569a87e99c9 -> 
  custom:scripting/monoscript/fileName/BuildWriteData.cs: 2cea0300b77fdbda33a3d90a3f600b08 -> 
  custom:scripting/monoscript/fileName/BuildLogger.cs: 43407796209bdb1c93ac5513c6439a81 -> 
  custom:scripting/monoscript/fileName/BuildSpriteData.cs: c829088ed78bbbb541c4780bcaac9f9e -> 
  custom:scripting/monoscript/fileName/IBuildCache.cs: b89b6b1c01287101de59d979a61eafa2 -> 
  custom:video-encoder-webm-vp8: eb34c28f22e8b96e1ab97ce403110664 -> 
  custom:scripting/monoscript/fileName/ContextInjector.cs: be93aa05045a7a9adf91118021d7b9ef -> 
  custom:scripting/monoscript/fileName/IWriteOperation.cs: f992fc85bf839520185f31965947c71e -> 
  custom:audio-decoder-ogg-vorbis: bf7c407c2cedff20999df2af8eb42d56 -> 
  custom:scripting/monoscript/fileName/SwitchToBuildPlatform.cs: 302951eb00ef533a7f8d4e2af60b1dbb -> 
  custom:scripting/monoscript/fileName/ArchiveAndCompressBundles.cs: a4f30b836ec7f461da7b1d8eed932e91 -> 
  custom:scripting/monoscript/fileName/MD4.cs: 78155ea9dc73b12fc02ca5bf12ab1a89 -> eb4100b4258ba66e68a6a8330d8ed4cc
  custom:scripting/monoscript/fileName/SceneBundleWriteOperation.cs: 32514961e31a58db7f78c6fb8757c75f -> 
  custom:scripting/monoscript/fileName/IBuildLog.cs: 543b8847c6c9094f2d90357f2bde8b30 -> 
  custom:scripting/monoscript/fileName/IAssetRepresentationData.cs: 4fd3029c6ddc21ad01839cd63f7e8552 -> 
  custom:scripting/monoscript/fileName/AppendBundleHash.cs: 4b529c191f72e41deab5ef0b8d08bb2f -> 
  custom:scripting/monoscript/fileName/Serializer.cs: 6c1de1ff1b6b7616ec79b8ee1445add4 -> d7df1b97d0a3bd0bb98fd4d2d5bf5d29
  custom:scripting/monoscript/fileName/GenerateBundlePacking.cs: e605bef1aeac04a952cb03f12b7d1b74 -> 
  custom:scripting/monoscript/fileName/GenerateBundleMaps.cs: 9a1c9e701ac353a3e9f794fda78e0a1c -> 
  custom:scripting/monoscript/fileName/SceneStateCleanup.cs: 31db7f5f98e9a1c904a3b9e4c43aa24b -> 
  custom:scripting/monoscript/fileName/IWriteData.cs: f2a238486c9cc3a5a9e531c07d54f232 -> 
  custom:scripting/monoscript/fileName/BuildInterfacesWrapper.cs: aeca1257cd6ce17b667e21eeaeaba2db -> 
  custom:scripting/monoscript/fileName/WriteSerializedFiles.cs: 9c94ef6dac7108c5c9e0e92e832d5652 -> 
  custom:audio-encoder-webm-vorbis: bf7c407c2cedff20999df2af8eb42d56 -> 
  custom:scripting/monoscript/fileName/ThreadingManager.cs: c9fc7fb2e109a60745bd85a84c04e0b5 -> 
  custom:scripting/monoscript/fileName/BuildDependencyData.cs: e86421eb6cd5a56c2f29fe865b6f6634 -> 
  custom:scripting/monoscript/fileName/CompatibilityBuildPipeline.cs: facf82cb07a5c10c38b56a00da8757a5 -> 
  custom:scripting/monoscript/fileName/CalculateAssetDependencyData.cs: 3543034cff244684ebe2b35b7e56cabb -> 
  custom:scripting/monoscript/fileName/Unity5PackedIdentifiers.cs: 2fef534b6f5a3f203548e50e8ca6fb59 -> 
========================================================================
Received Prepare
Caller must complete domain reload
Begin MonoManager ReloadAssembly
- Loaded All Assemblies, in  0.721 seconds
Native extension for WindowsStandalone target not found
Native extension for Android target not found
Mono: successfully reloaded assembly
- Finished resetting the current domain, in  1.509 seconds
Domain Reload Profiling: 2217ms
	BeginReloadAssembly (211ms)
		ExecutionOrderSort (0ms)
		DisableScriptedObjects (6ms)
		BackupInstance (0ms)
		ReleaseScriptingObjects (0ms)
		CreateAndSetChildDomain (32ms)
	RebuildCommonClasses (39ms)
	RebuildNativeTypeToScriptingClass (12ms)
	initialDomainReloadingComplete (55ms)
	LoadAllAssembliesAndSetupDomain (390ms)
		LoadAssemblies (505ms)
		RebuildTransferFunctionScriptingTraits (0ms)
		AnalyzeDomain (17ms)
			TypeCache.Refresh (7ms)
				TypeCache.ScanAssembly (0ms)
			ScanForSourceGeneratedMonoScriptInfo (0ms)
			ResolveRequiredComponents (8ms)
	FinalizeReload (1509ms)
		ReleaseScriptCaches (0ms)
		RebuildScriptCaches (0ms)
		SetupLoadedEditorAssemblies (506ms)
			LogAssemblyErrors (0ms)
			InitializePlatformSupportModulesInManaged (34ms)
			SetLoadedEditorAssemblies (4ms)
			RefreshPlugins (0ms)
			BeforeProcessingInitializeOnLoad (108ms)
			ProcessInitializeOnLoadAttributes (308ms)
			ProcessInitializeOnLoadMethodAttributes (27ms)
			AfterProcessingInitializeOnLoad (25ms)
			EditorAssembliesLoaded (0ms)
		ExecutionOrderSort2 (0ms)
		AwakeInstancesAfterBackupRestoration (19ms)
Refreshing native plugins compatible for Editor in 10.06 ms, found 3 plugins.
Preloading 0 native plugins for Editor in 0.00 ms.
Unloading 3326 Unused Serialized files (Serialized files now loaded: 0)
Unloading 16 unused Assets / (28.5 KB). Loaded Objects now: 3883.
Memory consumption went from 128.5 MB to 128.5 MB.
Total: 2.981200 ms (FindLiveObjects: 0.302700 ms CreateObjectMapping: 0.318500 ms MarkObjects: 2.318500 ms  DeleteObjects: 0.040500 ms)

Prepare: number of updated asset objects reloaded= 0
AssetImportParameters requested are different than current active one (requested -> active):
  custom:scripting/monoscript/fileName/BuildParameters.cs: bd85c8a149ef959801dc7583c240bf8c -> 
  custom:scripting/monoscript/fileName/IBuildTasks.cs: ad73a7c5af5769af35e7121ce421c767 -> 
  custom:scripting/precompiled-assembly-types:Unity.ScriptableBuildPipeline: d3013a7ac4c7a8a2426d0dffcf800074 -> 
  custom:scripting/monoscript/fileName/TrackerExtensions.cs: 05c6facd03e82ea85ea8497944d142b2 -> 
  custom:scripting/monoscript/fileName/SceneDataWriteOperation.cs: 62fc06a44a6276d74f5ce5527ac1c0e7 -> 
  custom:scripting/monoscript/fileName/BuildCache.cs: ed18a1a079f7380eac8245801a570733 -> 
  custom:container-demuxer-ogg: 62fdf1f143b41e24485cea50d1cbac27 -> 
  custom:scripting/monoscript/fileName/PostWritingCallback.cs: 554018e4e98d586ae4dba2461cc09229 -> 
  custom:scripting/monoscript/fileName/SpookyHash.cs: ced234d9ef31626b6b07f6aab873119b -> 
  custom:scripting/monoscript/fileName/PreviewSceneDependencyData.cs: 0aa0e9fad79dc24aadab25b9d7a9b9a5 -> 
  custom:scripting/monoscript/fileName/GenerateSubAssetPathMaps.cs: c7987fa236ddbc39e6da8bcfe285d7c7 -> 
  custom:scripting/monoscript/fileName/VersionedCallbackAttribute.cs: 792d43fefe55909e52271f20ce4bd5db -> 
  custom:video-codec-MediaFoundation-h265: e54d7ab0439102e2317fc1e4b246158d -> 
  custom:scripting/monoscript/fileName/BuildLog.cs: f381a35baf9bd9880d2d4023ad70717e -> 
  custom:scripting/monoscript/fileName/ContentFileIdentifiers.cs: 7655f22dc8e01297e0fa51cc343ac6c9 -> 
  custom:scripting/monoscript/fileName/BundleExplictObjectLayout.cs: 7ebaaae109881757a2cd1a5aaeb77811 -> 
  custom:scripting/monoscript/fileName/IDependencyData.cs: 35a83d3a80674af5f8ca402d71bd60d0 -> 
  custom:scripting/monoscript/fileName/BuildResults.cs: ea29098741349f66a5c13be22430b91a -> 
  custom:video-decoder-ogg-theora: a1e56fd34408186e4bbccfd4996cb3dc -> 
  custom:scripting/monoscript/fileName/HashStream.cs: 79ad716994d62b2c0cafd2bf9cc6c712 -> 
  custom:scripting/monoscript/fileName/BuildContext.cs: 34a222ebebd3606fff156033d4c23266 -> 
  custom:scripting/monoscript/fileName/DefaultBuildTasks.cs: b93cbe91f00034105b24705dc67fc837 -> 
  custom:framework-win-MediaFoundation: 216162199b28c13a410421893ffa2e32 -> 
  custom:scripting/monoscript/fileName/CreateBuiltInShadersBundle.cs: e4f12aa9a6b849b3a7861bf492376679 -> 
  custom:scripting/monoscript/fileName/PlayerSettingsApi.cs: e8704eb198d8f61f68729b362e34f254 -> 
  custom:scripting/monoscript/fileName/ValidationMethods.cs: 0ca38beb753f491a65475578d824a594 -> 
  custom:scripting/monoscript/fileName/GenerateLinkXml.cs: 438676c0a3ae847305e5461d0d0dfb13 -> 
  custom:scripting/monoscript/fileName/AssetBundleWriteOperation.cs: db3d146633bcf83272b8d8ec27708373 -> 
  custom:scripting/monoscript/fileName/ExtensionMethods.cs: 4642d9c802c70c033ea67f5c9fc06bdb -> 
  custom:scripting/precompiled-assembly-types:Unity.ScriptableBuildPipeline.Editor: 3ca390981bea823edbc5c52067fa8d07 -> 
  custom:scripting/monoscript/fileName/LinkXMLGenerator.cs: ae9b4e49cd6473e74c6d00b7a9a5576c -> 
  custom:scripting/monoscript/fileName/HashingMethods.cs: 715cdfdde81dd1627a447579d5c1a2a8 -> 
  custom:scripting/monoscript/fileName/GraphicsSettingsApi.cs: e643b869c2bd158e219684eb7bac7d5a -> 
  custom:scripting/monoscript/fileName/SceneRawWriteOperation.cs: 5a20bbe9c2135f3c677809d25231ee39 -> 
  custom:scripting/monoscript/fileName/PrefabPackedIdentifiers.cs: 88eee9e87bb381ef74e5d164ea9612c4 -> 
  custom:scripting/monoscript/fileName/TaskCachingUtility.cs: 2abbe35728db88bbaa201e6c478a95f2 -> 
  custom:scripting/monoscript/fileName/CalculateSceneDependencyData.cs: 104fc632ee9eb1eac0995150ef581054 -> 
  custom:scripting/monoscript/fileName/BuildContent.cs: 8b98bc58cf5574343dc7ddad95d66a2a -> 
  custom:CustomObjectIndexerAttribute: 9a22284fe3817be447336de3de66b15e -> 
  custom:scripting/monoscript/fileName/CreateMonoScriptBundle.cs: 2583ca987d667d4dd92571cf56d8871f -> 
  custom:scripting/monoscript/fileName/StripUnusedSpriteSources.cs: 8e0de493596d68c81f185a4c7e2ecc3e -> 
  custom:scripting/monoscript/fileName/ProgressTracker.cs: 7cf527e59ae90a5de1d1297f2cf5b5d9 -> 
  custom:scripting/monoscript/fileName/QualitySettingsApi.cs: 8a81ef3b39ef7374ffa2c64379a5666c -> 
  custom:scripting/monoscript/fileName/GenerateBundleCommands.cs: df8cc1862a26a9b8b8065412bf4da3d1 -> 
  custom:scripting/monoscript/fileName/PostPackingCallback.cs: f0f64a598e599b8fee359c8bbbbb7967 -> 
  custom:container-demuxer-webm: 4f35f7cbe854078d1ac9338744f61a02 -> 
  custom:scripting/monoscript/fileName/DeSerializer.cs: 42de108158a2d64cff75d55be619c3d6 -> 
  custom:scripting/monoscript/fileName/ProgressLoggingTracker.cs: 5d288d40f7eb670174353f8188801c70 -> 
  custom:scripting/monoscript/fileName/IBuildResults.cs: 8b5b87d2e7d0fe52b18dffb583edf526 -> 
  custom:scripting/monoscript/fileName/ClusterBuildLayout.cs: 5771ce961e5c856dda3162f7e7866c51 -> 
  custom:scripting/monoscript/fileName/DumpToText.cs: 2dfe9c7754fbb721de687736d394e422 -> 
  custom:scripting/monoscript/fileName/HashingHelpers.cs: 0f7aeced044c9bfbe971ac41bd6b1b1e -> 
  custom:scripting/monoscript/fileName/FileCompressor.cs: 9e176c2b40f10af0783acadfcf93a0a6 -> 
  custom:scripting/monoscript/fileName/BuildCacheUtility.cs: 2743f002ee5eaa2b245807c6d3986866 -> 
  custom:scripting/monoscript/fileName/ContentPipeline.cs: 0099978ab3154e75ec02b02af05e3647 -> 
  custom:scripting/monoscript/fileName/IBuildSpriteData.cs: 70fcaabd919c2d8ed3f211908205c540 -> 
  custom:scripting/monoscript/fileName/BuildCallbacks.cs: e372553ccc5bfd1dd2d4f86e3433b7ac -> 
  custom:scripting/monoscript/fileName/CompatibilityAssetBundleManifest.cs: 8c821441185b5b6a41b701764a9456f7 -> 
  custom:scripting/monoscript/fileName/BuildTasksRunner.cs: 6061ed342a325c9c185a4b35bbfe23f3 -> 
  custom:scripting/monoscript/fileName/BuildExtendedAssetData.cs: 646a6ec8dded2f210e51a6a26a267c53 -> 
  custom:scripting/monoscript/fileName/BuildProfiler.cs: 20a6883e13cfb1c377baf8d9ad7c7108 -> 
  custom:container-muxer-webm: aa71ff27fc2769a1b78a27578f13a17b -> 
  custom:scripting/monoscript/fileName/IBuildContext.cs: 5ff9d28c8d4a4f1b753bc76a607083bf -> 
  custom:video-decoder-webm-vp8: 9c59270c3fd7afecdb556c50c9e8de78 -> 
  custom:scripting/monoscript/fileName/IBundleExplictObjectLayout.cs: ddaeb79a7a717f820f674015296294c0 -> 
  custom:scripting/monoscript/fileName/PostDependencyCallback.cs: eb19b86cfe0872246c64c5aa303dec70 -> 
  custom:scripting/monoscript/fileName/RebuildSpriteAtlasCache.cs: 4336dcac6b167662dc27a4b8cb534249 -> 
  custom:scripting/monoscript/fileName/BundleDetails.cs: c2ce173f3479298f0c344c217d376d24 -> 
  custom:SearchIndexIgnoredProperties: e643bd26f0fe6173181afceb89e7c659 -> 
  custom:scripting/monoscript/fileName/UpdateBundleObjectLayout.cs: d3e8743e5c2de0c9b031ff5de45c2faa -> 
  custom:scripting/monoscript/fileName/ReflectionExtensions.cs: 18deef64260ff7f38d0791626801b560 -> 
  custom:scripting/monoscript/fileName/USerialize.cs: 6f1fb90844e336a2331e02dcaf45180a -> 
  custom:AudioImporter_EditorPlatform: d09bf68614088b80899f8185d706f6e7 -> 
  custom:scripting/monoscript/fileName/IBuildContent.cs: 985433c3d816b7fe3356ac6fdd88a9c1 -> 
  custom:scripting/monoscript/fileName/IBuildParameters.cs: 5444d4b7b91f8f230014e0b0f1d671dc -> 
  custom:scripting/monoscript/fileName/CacheEntry.cs: 184ec4582c6a111a6d76b26e9882d8ac -> 
  custom:scripting/monoscript/fileName/CalculateCustomDependencyData.cs: 60157e862b4f285cab819b205d1dcc68 -> 
  custom:scripting/monoscript/fileName/RawWriteOperation.cs: 0c25d4a5522f2e528b1c316a8854d37d -> 
  custom:scripting/monoscript/fileName/IObjectDependencyData.cs: dab6b9b0a9d3dcde7acff38a7870ced5 -> 
  custom:scripting/monoscript/fileName/PostScriptsCallback.cs: 1cec4066ff38f9052245bd85d91b727c -> 
  custom:scripting/monoscript/fileName/IDeterministicIdentifiers.cs: 9fdfcaea74e444a0ad0fcc5b015d955f -> 
  custom:scripting/monoscript/fileName/Preferences.cs: 94e017b2eb5287f154bb9408b15c0487 -> 
  custom:scripting/monoscript/fileName/IProgressTracker.cs: 59e48e9e64fc66dccd13c436990f26d1 -> 
  custom:scripting/monoscript/fileName/LinearPackedIdentifiers.cs: f2ab3362c1bcc1efe300438e2ca25a9c -> 
  custom:scripting/monoscript/fileName/CommonStrings.cs: c37303b8ea4b24be7afe89e3c1f096f3 -> 
  custom:scripting/monoscript/fileName/BuildPlayerScripts.cs: 0f2fc29cfe25da306bd11569a87e99c9 -> 
  custom:scripting/monoscript/fileName/BuildWriteData.cs: 2cea0300b77fdbda33a3d90a3f600b08 -> 
  custom:scripting/monoscript/fileName/BuildLogger.cs: 43407796209bdb1c93ac5513c6439a81 -> 
  custom:scripting/monoscript/fileName/BuildSpriteData.cs: c829088ed78bbbb541c4780bcaac9f9e -> 
  custom:scripting/monoscript/fileName/IBuildCache.cs: b89b6b1c01287101de59d979a61eafa2 -> 
  custom:video-encoder-webm-vp8: eb34c28f22e8b96e1ab97ce403110664 -> 
  custom:scripting/monoscript/fileName/ContextInjector.cs: be93aa05045a7a9adf91118021d7b9ef -> 
  custom:scripting/monoscript/fileName/IWriteOperation.cs: f992fc85bf839520185f31965947c71e -> 
  custom:audio-decoder-ogg-vorbis: bf7c407c2cedff20999df2af8eb42d56 -> 
  custom:scripting/monoscript/fileName/SwitchToBuildPlatform.cs: 302951eb00ef533a7f8d4e2af60b1dbb -> 
  custom:scripting/monoscript/fileName/ArchiveAndCompressBundles.cs: a4f30b836ec7f461da7b1d8eed932e91 -> 
  custom:scripting/monoscript/fileName/MD4.cs: 78155ea9dc73b12fc02ca5bf12ab1a89 -> eb4100b4258ba66e68a6a8330d8ed4cc
  custom:scripting/monoscript/fileName/SceneBundleWriteOperation.cs: 32514961e31a58db7f78c6fb8757c75f -> 
  custom:scripting/monoscript/fileName/IBuildLog.cs: 543b8847c6c9094f2d90357f2bde8b30 -> 
  custom:scripting/monoscript/fileName/IAssetRepresentationData.cs: 4fd3029c6ddc21ad01839cd63f7e8552 -> 
  custom:scripting/monoscript/fileName/AppendBundleHash.cs: 4b529c191f72e41deab5ef0b8d08bb2f -> 
  custom:scripting/monoscript/fileName/Serializer.cs: 6c1de1ff1b6b7616ec79b8ee1445add4 -> d7df1b97d0a3bd0bb98fd4d2d5bf5d29
  custom:scripting/monoscript/fileName/GenerateBundlePacking.cs: e605bef1aeac04a952cb03f12b7d1b74 -> 
  custom:scripting/monoscript/fileName/GenerateBundleMaps.cs: 9a1c9e701ac353a3e9f794fda78e0a1c -> 
  custom:scripting/monoscript/fileName/SceneStateCleanup.cs: 31db7f5f98e9a1c904a3b9e4c43aa24b -> 
  custom:scripting/monoscript/fileName/IWriteData.cs: f2a238486c9cc3a5a9e531c07d54f232 -> 
  custom:scripting/monoscript/fileName/BuildInterfacesWrapper.cs: aeca1257cd6ce17b667e21eeaeaba2db -> 
  custom:scripting/monoscript/fileName/WriteSerializedFiles.cs: 9c94ef6dac7108c5c9e0e92e832d5652 -> 
  custom:audio-encoder-webm-vorbis: bf7c407c2cedff20999df2af8eb42d56 -> 
  custom:scripting/monoscript/fileName/ThreadingManager.cs: c9fc7fb2e109a60745bd85a84c04e0b5 -> 
  custom:scripting/monoscript/fileName/BuildDependencyData.cs: e86421eb6cd5a56c2f29fe865b6f6634 -> 
  custom:scripting/monoscript/fileName/CompatibilityBuildPipeline.cs: facf82cb07a5c10c38b56a00da8757a5 -> 
  custom:scripting/monoscript/fileName/CalculateAssetDependencyData.cs: 3543034cff244684ebe2b35b7e56cabb -> 
  custom:scripting/monoscript/fileName/Unity5PackedIdentifiers.cs: 2fef534b6f5a3f203548e50e8ca6fb59 -> 
========================================================================
Received Prepare
Caller must complete domain reload
Begin MonoManager ReloadAssembly
- Loaded All Assemblies, in  0.711 seconds
Native extension for WindowsStandalone target not found
Native extension for Android target not found
Mono: successfully reloaded assembly
- Finished resetting the current domain, in  1.532 seconds
Domain Reload Profiling: 2231ms
	BeginReloadAssembly (210ms)
		ExecutionOrderSort (0ms)
		DisableScriptedObjects (5ms)
		BackupInstance (0ms)
		ReleaseScriptingObjects (0ms)
		CreateAndSetChildDomain (30ms)
	RebuildCommonClasses (44ms)
	RebuildNativeTypeToScriptingClass (12ms)
	initialDomainReloadingComplete (52ms)
	LoadAllAssembliesAndSetupDomain (381ms)
		LoadAssemblies (500ms)
		RebuildTransferFunctionScriptingTraits (0ms)
		AnalyzeDomain (16ms)
			TypeCache.Refresh (7ms)
				TypeCache.ScanAssembly (0ms)
			ScanForSourceGeneratedMonoScriptInfo (0ms)
			ResolveRequiredComponents (6ms)
	FinalizeReload (1532ms)
		ReleaseScriptCaches (0ms)
		RebuildScriptCaches (0ms)
		SetupLoadedEditorAssemblies (509ms)
			LogAssemblyErrors (0ms)
			InitializePlatformSupportModulesInManaged (35ms)
			SetLoadedEditorAssemblies (4ms)
			RefreshPlugins (0ms)
			BeforeProcessingInitializeOnLoad (108ms)
			ProcessInitializeOnLoadAttributes (307ms)
			ProcessInitializeOnLoadMethodAttributes (27ms)
			AfterProcessingInitializeOnLoad (27ms)
			EditorAssembliesLoaded (0ms)
		ExecutionOrderSort2 (0ms)
		AwakeInstancesAfterBackupRestoration (20ms)
Refreshing native plugins compatible for Editor in 10.70 ms, found 3 plugins.
Preloading 0 native plugins for Editor in 0.00 ms.
Unloading 3326 Unused Serialized files (Serialized files now loaded: 0)
Unloading 16 unused Assets / (28.5 KB). Loaded Objects now: 3886.
Memory consumption went from 128.5 MB to 128.5 MB.
Total: 3.097300 ms (FindLiveObjects: 0.306000 ms CreateObjectMapping: 0.262100 ms MarkObjects: 2.479200 ms  DeleteObjects: 0.049300 ms)

Prepare: number of updated asset objects reloaded= 0
AssetImportParameters requested are different than current active one (requested -> active):
  custom:scripting/monoscript/fileName/BuildParameters.cs: bd85c8a149ef959801dc7583c240bf8c -> 
  custom:scripting/monoscript/fileName/IBuildTasks.cs: ad73a7c5af5769af35e7121ce421c767 -> 
  custom:scripting/precompiled-assembly-types:Unity.ScriptableBuildPipeline: d3013a7ac4c7a8a2426d0dffcf800074 -> 
  custom:scripting/monoscript/fileName/TrackerExtensions.cs: 05c6facd03e82ea85ea8497944d142b2 -> 
  custom:scripting/monoscript/fileName/SceneDataWriteOperation.cs: 62fc06a44a6276d74f5ce5527ac1c0e7 -> 
  custom:scripting/monoscript/fileName/BuildCache.cs: ed18a1a079f7380eac8245801a570733 -> 
  custom:container-demuxer-ogg: 62fdf1f143b41e24485cea50d1cbac27 -> 
  custom:scripting/monoscript/fileName/PostWritingCallback.cs: 554018e4e98d586ae4dba2461cc09229 -> 
  custom:scripting/monoscript/fileName/SpookyHash.cs: ced234d9ef31626b6b07f6aab873119b -> 
  custom:scripting/monoscript/fileName/PreviewSceneDependencyData.cs: 0aa0e9fad79dc24aadab25b9d7a9b9a5 -> 
  custom:scripting/monoscript/fileName/GenerateSubAssetPathMaps.cs: c7987fa236ddbc39e6da8bcfe285d7c7 -> 
  custom:scripting/monoscript/fileName/VersionedCallbackAttribute.cs: 792d43fefe55909e52271f20ce4bd5db -> 
  custom:video-codec-MediaFoundation-h265: e54d7ab0439102e2317fc1e4b246158d -> 
  custom:scripting/monoscript/fileName/BuildLog.cs: f381a35baf9bd9880d2d4023ad70717e -> 
  custom:scripting/monoscript/fileName/ContentFileIdentifiers.cs: 7655f22dc8e01297e0fa51cc343ac6c9 -> 
  custom:scripting/monoscript/fileName/BundleExplictObjectLayout.cs: 7ebaaae109881757a2cd1a5aaeb77811 -> 
  custom:scripting/monoscript/fileName/IDependencyData.cs: 35a83d3a80674af5f8ca402d71bd60d0 -> 
  custom:scripting/monoscript/fileName/BuildResults.cs: ea29098741349f66a5c13be22430b91a -> 
  custom:video-decoder-ogg-theora: a1e56fd34408186e4bbccfd4996cb3dc -> 
  custom:scripting/monoscript/fileName/HashStream.cs: 79ad716994d62b2c0cafd2bf9cc6c712 -> 
  custom:scripting/monoscript/fileName/BuildContext.cs: 34a222ebebd3606fff156033d4c23266 -> 
  custom:scripting/monoscript/fileName/DefaultBuildTasks.cs: b93cbe91f00034105b24705dc67fc837 -> 
  custom:framework-win-MediaFoundation: 216162199b28c13a410421893ffa2e32 -> 
  custom:scripting/monoscript/fileName/CreateBuiltInShadersBundle.cs: e4f12aa9a6b849b3a7861bf492376679 -> 
  custom:scripting/monoscript/fileName/PlayerSettingsApi.cs: e8704eb198d8f61f68729b362e34f254 -> 
  custom:scripting/monoscript/fileName/ValidationMethods.cs: 0ca38beb753f491a65475578d824a594 -> 
  custom:scripting/monoscript/fileName/GenerateLinkXml.cs: 438676c0a3ae847305e5461d0d0dfb13 -> 
  custom:scripting/monoscript/fileName/AssetBundleWriteOperation.cs: db3d146633bcf83272b8d8ec27708373 -> 
  custom:scripting/monoscript/fileName/ExtensionMethods.cs: 4642d9c802c70c033ea67f5c9fc06bdb -> 
  custom:scripting/precompiled-assembly-types:Unity.ScriptableBuildPipeline.Editor: 3ca390981bea823edbc5c52067fa8d07 -> 
  custom:scripting/monoscript/fileName/LinkXMLGenerator.cs: ae9b4e49cd6473e74c6d00b7a9a5576c -> 
  custom:scripting/monoscript/fileName/HashingMethods.cs: 715cdfdde81dd1627a447579d5c1a2a8 -> 
  custom:scripting/monoscript/fileName/GraphicsSettingsApi.cs: e643b869c2bd158e219684eb7bac7d5a -> 
  custom:scripting/monoscript/fileName/SceneRawWriteOperation.cs: 5a20bbe9c2135f3c677809d25231ee39 -> 
  custom:scripting/monoscript/fileName/PrefabPackedIdentifiers.cs: 88eee9e87bb381ef74e5d164ea9612c4 -> 
  custom:scripting/monoscript/fileName/TaskCachingUtility.cs: 2abbe35728db88bbaa201e6c478a95f2 -> 
  custom:scripting/monoscript/fileName/CalculateSceneDependencyData.cs: 104fc632ee9eb1eac0995150ef581054 -> 
  custom:scripting/monoscript/fileName/BuildContent.cs: 8b98bc58cf5574343dc7ddad95d66a2a -> 
  custom:CustomObjectIndexerAttribute: 9a22284fe3817be447336de3de66b15e -> 
  custom:scripting/monoscript/fileName/CreateMonoScriptBundle.cs: 2583ca987d667d4dd92571cf56d8871f -> 
  custom:scripting/monoscript/fileName/StripUnusedSpriteSources.cs: 8e0de493596d68c81f185a4c7e2ecc3e -> 
  custom:scripting/monoscript/fileName/ProgressTracker.cs: 7cf527e59ae90a5de1d1297f2cf5b5d9 -> 
  custom:scripting/monoscript/fileName/QualitySettingsApi.cs: 8a81ef3b39ef7374ffa2c64379a5666c -> 
  custom:scripting/monoscript/fileName/GenerateBundleCommands.cs: df8cc1862a26a9b8b8065412bf4da3d1 -> 
  custom:scripting/monoscript/fileName/PostPackingCallback.cs: f0f64a598e599b8fee359c8bbbbb7967 -> 
  custom:container-demuxer-webm: 4f35f7cbe854078d1ac9338744f61a02 -> 
  custom:scripting/monoscript/fileName/DeSerializer.cs: 42de108158a2d64cff75d55be619c3d6 -> 
  custom:scripting/monoscript/fileName/ProgressLoggingTracker.cs: 5d288d40f7eb670174353f8188801c70 -> 
  custom:scripting/monoscript/fileName/IBuildResults.cs: 8b5b87d2e7d0fe52b18dffb583edf526 -> 
  custom:scripting/monoscript/fileName/ClusterBuildLayout.cs: 5771ce961e5c856dda3162f7e7866c51 -> 
  custom:scripting/monoscript/fileName/DumpToText.cs: 2dfe9c7754fbb721de687736d394e422 -> 
  custom:scripting/monoscript/fileName/HashingHelpers.cs: 0f7aeced044c9bfbe971ac41bd6b1b1e -> 
  custom:scripting/monoscript/fileName/FileCompressor.cs: 9e176c2b40f10af0783acadfcf93a0a6 -> 
  custom:scripting/monoscript/fileName/BuildCacheUtility.cs: 2743f002ee5eaa2b245807c6d3986866 -> 
  custom:scripting/monoscript/fileName/ContentPipeline.cs: 0099978ab3154e75ec02b02af05e3647 -> 
  custom:scripting/monoscript/fileName/IBuildSpriteData.cs: 70fcaabd919c2d8ed3f211908205c540 -> 
  custom:scripting/monoscript/fileName/BuildCallbacks.cs: e372553ccc5bfd1dd2d4f86e3433b7ac -> 
  custom:scripting/monoscript/fileName/CompatibilityAssetBundleManifest.cs: 8c821441185b5b6a41b701764a9456f7 -> 
  custom:scripting/monoscript/fileName/BuildTasksRunner.cs: 6061ed342a325c9c185a4b35bbfe23f3 -> 
  custom:scripting/monoscript/fileName/BuildExtendedAssetData.cs: 646a6ec8dded2f210e51a6a26a267c53 -> 
  custom:scripting/monoscript/fileName/BuildProfiler.cs: 20a6883e13cfb1c377baf8d9ad7c7108 -> 
  custom:container-muxer-webm: aa71ff27fc2769a1b78a27578f13a17b -> 
  custom:scripting/monoscript/fileName/IBuildContext.cs: 5ff9d28c8d4a4f1b753bc76a607083bf -> 
  custom:video-decoder-webm-vp8: 9c59270c3fd7afecdb556c50c9e8de78 -> 
  custom:scripting/monoscript/fileName/IBundleExplictObjectLayout.cs: ddaeb79a7a717f820f674015296294c0 -> 
  custom:scripting/monoscript/fileName/PostDependencyCallback.cs: eb19b86cfe0872246c64c5aa303dec70 -> 
  custom:scripting/monoscript/fileName/RebuildSpriteAtlasCache.cs: 4336dcac6b167662dc27a4b8cb534249 -> 
  custom:scripting/monoscript/fileName/BundleDetails.cs: c2ce173f3479298f0c344c217d376d24 -> 
  custom:SearchIndexIgnoredProperties: e643bd26f0fe6173181afceb89e7c659 -> 
  custom:scripting/monoscript/fileName/UpdateBundleObjectLayout.cs: d3e8743e5c2de0c9b031ff5de45c2faa -> 
  custom:scripting/monoscript/fileName/ReflectionExtensions.cs: 18deef64260ff7f38d0791626801b560 -> 
  custom:scripting/monoscript/fileName/USerialize.cs: 6f1fb90844e336a2331e02dcaf45180a -> 
  custom:AudioImporter_EditorPlatform: d09bf68614088b80899f8185d706f6e7 -> 
  custom:scripting/monoscript/fileName/IBuildContent.cs: 985433c3d816b7fe3356ac6fdd88a9c1 -> 
  custom:scripting/monoscript/fileName/IBuildParameters.cs: 5444d4b7b91f8f230014e0b0f1d671dc -> 
  custom:scripting/monoscript/fileName/CacheEntry.cs: 184ec4582c6a111a6d76b26e9882d8ac -> 
  custom:scripting/monoscript/fileName/CalculateCustomDependencyData.cs: 60157e862b4f285cab819b205d1dcc68 -> 
  custom:scripting/monoscript/fileName/RawWriteOperation.cs: 0c25d4a5522f2e528b1c316a8854d37d -> 
  custom:scripting/monoscript/fileName/IObjectDependencyData.cs: dab6b9b0a9d3dcde7acff38a7870ced5 -> 
  custom:scripting/monoscript/fileName/PostScriptsCallback.cs: 1cec4066ff38f9052245bd85d91b727c -> 
  custom:scripting/monoscript/fileName/IDeterministicIdentifiers.cs: 9fdfcaea74e444a0ad0fcc5b015d955f -> 
  custom:scripting/monoscript/fileName/Preferences.cs: 94e017b2eb5287f154bb9408b15c0487 -> 
  custom:scripting/monoscript/fileName/IProgressTracker.cs: 59e48e9e64fc66dccd13c436990f26d1 -> 
  custom:scripting/monoscript/fileName/LinearPackedIdentifiers.cs: f2ab3362c1bcc1efe300438e2ca25a9c -> 
  custom:scripting/monoscript/fileName/CommonStrings.cs: c37303b8ea4b24be7afe89e3c1f096f3 -> 
  custom:scripting/monoscript/fileName/BuildPlayerScripts.cs: 0f2fc29cfe25da306bd11569a87e99c9 -> 
  custom:scripting/monoscript/fileName/BuildWriteData.cs: 2cea0300b77fdbda33a3d90a3f600b08 -> 
  custom:scripting/monoscript/fileName/BuildLogger.cs: 43407796209bdb1c93ac5513c6439a81 -> 
  custom:scripting/monoscript/fileName/BuildSpriteData.cs: c829088ed78bbbb541c4780bcaac9f9e -> 
  custom:scripting/monoscript/fileName/IBuildCache.cs: b89b6b1c01287101de59d979a61eafa2 -> 
  custom:video-encoder-webm-vp8: eb34c28f22e8b96e1ab97ce403110664 -> 
  custom:scripting/monoscript/fileName/ContextInjector.cs: be93aa05045a7a9adf91118021d7b9ef -> 
  custom:scripting/monoscript/fileName/IWriteOperation.cs: f992fc85bf839520185f31965947c71e -> 
  custom:audio-decoder-ogg-vorbis: bf7c407c2cedff20999df2af8eb42d56 -> 
  custom:scripting/monoscript/fileName/SwitchToBuildPlatform.cs: 302951eb00ef533a7f8d4e2af60b1dbb -> 
  custom:scripting/monoscript/fileName/ArchiveAndCompressBundles.cs: a4f30b836ec7f461da7b1d8eed932e91 -> 
  custom:scripting/monoscript/fileName/MD4.cs: 78155ea9dc73b12fc02ca5bf12ab1a89 -> eb4100b4258ba66e68a6a8330d8ed4cc
  custom:scripting/monoscript/fileName/SceneBundleWriteOperation.cs: 32514961e31a58db7f78c6fb8757c75f -> 
  custom:scripting/monoscript/fileName/IBuildLog.cs: 543b8847c6c9094f2d90357f2bde8b30 -> 
  custom:scripting/monoscript/fileName/IAssetRepresentationData.cs: 4fd3029c6ddc21ad01839cd63f7e8552 -> 
  custom:scripting/monoscript/fileName/AppendBundleHash.cs: 4b529c191f72e41deab5ef0b8d08bb2f -> 
  custom:scripting/monoscript/fileName/Serializer.cs: 6c1de1ff1b6b7616ec79b8ee1445add4 -> d7df1b97d0a3bd0bb98fd4d2d5bf5d29
  custom:scripting/monoscript/fileName/GenerateBundlePacking.cs: e605bef1aeac04a952cb03f12b7d1b74 -> 
  custom:scripting/monoscript/fileName/GenerateBundleMaps.cs: 9a1c9e701ac353a3e9f794fda78e0a1c -> 
  custom:scripting/monoscript/fileName/SceneStateCleanup.cs: 31db7f5f98e9a1c904a3b9e4c43aa24b -> 
  custom:scripting/monoscript/fileName/IWriteData.cs: f2a238486c9cc3a5a9e531c07d54f232 -> 
  custom:scripting/monoscript/fileName/BuildInterfacesWrapper.cs: aeca1257cd6ce17b667e21eeaeaba2db -> 
  custom:scripting/monoscript/fileName/WriteSerializedFiles.cs: 9c94ef6dac7108c5c9e0e92e832d5652 -> 
  custom:audio-encoder-webm-vorbis: bf7c407c2cedff20999df2af8eb42d56 -> 
  custom:scripting/monoscript/fileName/ThreadingManager.cs: c9fc7fb2e109a60745bd85a84c04e0b5 -> 
  custom:scripting/monoscript/fileName/BuildDependencyData.cs: e86421eb6cd5a56c2f29fe865b6f6634 -> 
  custom:scripting/monoscript/fileName/CompatibilityBuildPipeline.cs: facf82cb07a5c10c38b56a00da8757a5 -> 
  custom:scripting/monoscript/fileName/CalculateAssetDependencyData.cs: 3543034cff244684ebe2b35b7e56cabb -> 
  custom:scripting/monoscript/fileName/Unity5PackedIdentifiers.cs: 2fef534b6f5a3f203548e50e8ca6fb59 -> 
