Using pre-set license
Built from '2022.3/release' branch; Version is '2022.3.61f1 (6c53ebaf375d) revision 7099371'; Using compiler version '192829333'; Build Type 'Release'
OS: 'Windows 11  (10.0.26100) 64bit Core' Language: 'ko' Physical Memory: 16060 MB
BatchMode: 1, IsHumanControllingUs: 0, StartBugReporterOnCrash: 0, Is64bit: 1, IsPro: 1

COMMAND LINE ARGUMENTS:
C:\Program Files\Unity\Hub\Editor\2022.3.61f1\Editor\Unity.exe
-adb2
-batchMode
-noUpm
-name
AssetImportWorker1
-projectPath
C:/Users/wooho/Documents/GitHub/Safe_Return_Home/SafeReturnHome
-logFile
Logs/AssetImportWorker1.log
-srvPort
50509
Successfully changed project path to: C:/Users/wooho/Documents/GitHub/Safe_Return_Home/SafeReturnHome
C:/Users/wooho/Documents/GitHub/Safe_Return_Home/SafeReturnHome
[UnityMemory] Configuration Parameters - Can be set up in boot.config
    "memorysetup-bucket-allocator-granularity=16"
    "memorysetup-bucket-allocator-bucket-count=8"
    "memorysetup-bucket-allocator-block-size=33554432"
    "memorysetup-bucket-allocator-block-count=8"
    "memorysetup-main-allocator-block-size=16777216"
    "memorysetup-thread-allocator-block-size=16777216"
    "memorysetup-gfx-main-allocator-block-size=16777216"
    "memorysetup-gfx-thread-allocator-block-size=16777216"
    "memorysetup-cache-allocator-block-size=4194304"
    "memorysetup-typetree-allocator-block-size=2097152"
    "memorysetup-profiler-bucket-allocator-granularity=16"
    "memorysetup-profiler-bucket-allocator-bucket-count=8"
    "memorysetup-profiler-bucket-allocator-block-size=33554432"
    "memorysetup-profiler-bucket-allocator-block-count=8"
    "memorysetup-profiler-allocator-block-size=16777216"
    "memorysetup-profiler-editor-allocator-block-size=1048576"
    "memorysetup-temp-allocator-size-main=16777216"
    "memorysetup-job-temp-allocator-block-size=2097152"
    "memorysetup-job-temp-allocator-block-size-background=1048576"
    "memorysetup-job-temp-allocator-reduction-small-platforms=262144"
    "memorysetup-allocator-temp-initial-block-size-main=262144"
    "memorysetup-allocator-temp-initial-block-size-worker=262144"
    "memorysetup-temp-allocator-size-background-worker=32768"
    "memorysetup-temp-allocator-size-job-worker=262144"
    "memorysetup-temp-allocator-size-preload-manager=33554432"
    "memorysetup-temp-allocator-size-nav-mesh-worker=65536"
    "memorysetup-temp-allocator-size-audio-worker=65536"
    "memorysetup-temp-allocator-size-cloud-worker=32768"
    "memorysetup-temp-allocator-size-gi-baking-worker=262144"
    "memorysetup-temp-allocator-size-gfx=262144"
Player connection [2876]  Target information:

Player connection [2876]  * "[IP] 192.168.0.24 [Port] 0 [Flags] 2 [Guid] 12593117 [EditorId] 12593117 [Version] 1048832 [Id] WindowsEditor(7,DESKTOP-NG1TCM7) [Debug] 1 [PackageName] WindowsEditor [ProjectName] Editor" 

Player connection [2876] Host joined multi-casting on [225.0.0.222:54997]...
Player connection [2876] Host joined alternative multi-casting on [225.0.0.222:34997]...
Input System module state changed to: Initialized.
[PhysX] Initialized MultithreadedTaskDispatcher with 8 workers.
Refreshing native plugins compatible for Editor in 26.13 ms, found 3 plugins.
Preloading 0 native plugins for Editor in 0.00 ms.
Initialize engine version: 2022.3.61f1 (6c53ebaf375d)
[Subsystems] Discovering subsystems at path C:/Program Files/Unity/Hub/Editor/2022.3.61f1/Editor/Data/Resources/UnitySubsystems
[Subsystems] Discovering subsystems at path C:/Users/wooho/Documents/GitHub/Safe_Return_Home/SafeReturnHome/Assets
GfxDevice: creating device client; threaded=0; jobified=0
Direct3D:
    Version:  Direct3D 11.0 [level 11.1]
    Renderer: NVIDIA GeForce MX450 (ID=0x1f97)
    Vendor:   NVIDIA
    VRAM:     1928 MB
    Driver:   27.21.14.5256
Initialize mono
Mono path[0] = 'C:/Program Files/Unity/Hub/Editor/2022.3.61f1/Editor/Data/Managed'
Mono path[1] = 'C:/Program Files/Unity/Hub/Editor/2022.3.61f1/Editor/Data/MonoBleedingEdge/lib/mono/unityjit-win32'
Mono config path = 'C:/Program Files/Unity/Hub/Editor/2022.3.61f1/Editor/Data/MonoBleedingEdge/etc'
Using monoOptions --debugger-agent=transport=dt_socket,embedding=1,server=y,suspend=n,address=127.0.0.1:56604
Begin MonoManager ReloadAssembly
Registering precompiled unity dll's ...
Register platform support module: C:/Program Files/Unity/Hub/Editor/2022.3.61f1/Editor/Data/PlaybackEngines/AndroidPlayer/UnityEditor.Android.Extensions.dll
Register platform support module: C:/Program Files/Unity/Hub/Editor/2022.3.61f1/Editor/Data/PlaybackEngines/WindowsStandaloneSupport/UnityEditor.WindowsStandalone.Extensions.dll
Registered in 0.029993 seconds.
- Loaded All Assemblies, in  0.522 seconds
Native extension for WindowsStandalone target not found
Native extension for Android target not found
Android Extension - Scanning For ADB Devices 359 ms
Mono: successfully reloaded assembly
- Finished resetting the current domain, in  0.694 seconds
Domain Reload Profiling: 1207ms
	BeginReloadAssembly (172ms)
		ExecutionOrderSort (0ms)
		DisableScriptedObjects (0ms)
		BackupInstance (0ms)
		ReleaseScriptingObjects (0ms)
		CreateAndSetChildDomain (1ms)
	RebuildCommonClasses (42ms)
	RebuildNativeTypeToScriptingClass (10ms)
	initialDomainReloadingComplete (104ms)
	LoadAllAssembliesAndSetupDomain (183ms)
		LoadAssemblies (166ms)
		RebuildTransferFunctionScriptingTraits (0ms)
		AnalyzeDomain (179ms)
			TypeCache.Refresh (178ms)
				TypeCache.ScanAssembly (163ms)
			ScanForSourceGeneratedMonoScriptInfo (0ms)
			ResolveRequiredComponents (0ms)
	FinalizeReload (694ms)
		ReleaseScriptCaches (0ms)
		RebuildScriptCaches (0ms)
		SetupLoadedEditorAssemblies (645ms)
			LogAssemblyErrors (0ms)
			InitializePlatformSupportModulesInManaged (454ms)
			SetLoadedEditorAssemblies (5ms)
			RefreshPlugins (0ms)
			BeforeProcessingInitializeOnLoad (2ms)
			ProcessInitializeOnLoadAttributes (130ms)
			ProcessInitializeOnLoadMethodAttributes (53ms)
			AfterProcessingInitializeOnLoad (0ms)
			EditorAssembliesLoaded (0ms)
		ExecutionOrderSort2 (0ms)
		AwakeInstancesAfterBackupRestoration (0ms)
========================================================================
Worker process is ready to serve import requests
Caller must complete domain reload
Begin MonoManager ReloadAssembly
- Loaded All Assemblies, in  0.949 seconds
Native extension for WindowsStandalone target not found
Native extension for Android target not found
Mono: successfully reloaded assembly
- Finished resetting the current domain, in  0.688 seconds
Domain Reload Profiling: 1623ms
	BeginReloadAssembly (225ms)
		ExecutionOrderSort (0ms)
		DisableScriptedObjects (7ms)
		BackupInstance (0ms)
		ReleaseScriptingObjects (0ms)
		CreateAndSetChildDomain (32ms)
	RebuildCommonClasses (36ms)
	RebuildNativeTypeToScriptingClass (10ms)
	initialDomainReloadingComplete (66ms)
	LoadAllAssembliesAndSetupDomain (597ms)
		LoadAssemblies (519ms)
		RebuildTransferFunctionScriptingTraits (0ms)
		AnalyzeDomain (218ms)
			TypeCache.Refresh (193ms)
				TypeCache.ScanAssembly (172ms)
			ScanForSourceGeneratedMonoScriptInfo (18ms)
			ResolveRequiredComponents (5ms)
	FinalizeReload (688ms)
		ReleaseScriptCaches (0ms)
		RebuildScriptCaches (0ms)
		SetupLoadedEditorAssemblies (515ms)
			LogAssemblyErrors (0ms)
			InitializePlatformSupportModulesInManaged (30ms)
			SetLoadedEditorAssemblies (5ms)
			RefreshPlugins (0ms)
			BeforeProcessingInitializeOnLoad (90ms)
			ProcessInitializeOnLoadAttributes (342ms)
			ProcessInitializeOnLoadMethodAttributes (25ms)
			AfterProcessingInitializeOnLoad (23ms)
			EditorAssembliesLoaded (0ms)
		ExecutionOrderSort2 (0ms)
		AwakeInstancesAfterBackupRestoration (9ms)
Launched and connected shader compiler UnityShaderCompiler.exe after 0.06 seconds
Refreshing native plugins compatible for Editor in 14.02 ms, found 3 plugins.
Preloading 0 native plugins for Editor in 0.00 ms.
Unloading 3207 Unused Serialized files (Serialized files now loaded: 0)
Unloading 21 unused Assets / (54.8 KB). Loaded Objects now: 3679.
Memory consumption went from 129.4 MB to 129.4 MB.
Total: 4.981600 ms (FindLiveObjects: 0.995100 ms CreateObjectMapping: 0.390000 ms MarkObjects: 3.474900 ms  DeleteObjects: 0.120200 ms)

AssetImportParameters requested are different than current active one (requested -> active):
  custom:container-demuxer-ogg: 62fdf1f143b41e24485cea50d1cbac27 -> 
  custom:video-codec-MediaFoundation-h265: 746d11721c4dcdbdad8f713fa42b33f4 -> 
  custom:video-decoder-ogg-theora: a1e56fd34408186e4bbccfd4996cb3dc -> 
  custom:framework-win-MediaFoundation: 216162199b28c13a410421893ffa2e32 -> 
  custom:CustomObjectIndexerAttribute: 9a22284fe3817be447336de3de66b15e -> 
  custom:container-demuxer-webm: 4f35f7cbe854078d1ac9338744f61a02 -> 
  custom:container-muxer-webm: aa71ff27fc2769a1b78a27578f13a17b -> 
  custom:video-decoder-webm-vp8: 9c59270c3fd7afecdb556c50c9e8de78 -> 
  custom:SearchIndexIgnoredProperties: e643bd26f0fe6173181afceb89e7c659 -> 
  custom:AudioImporter_EditorPlatform: d09bf68614088b80899f8185d706f6e7 -> 
  custom:video-encoder-webm-vp8: eb34c28f22e8b96e1ab97ce403110664 -> 
  custom:audio-decoder-ogg-vorbis: bf7c407c2cedff20999df2af8eb42d56 -> 
  custom:audio-encoder-webm-vorbis: bf7c407c2cedff20999df2af8eb42d56 -> 
========================================================================
Received Import Request.
  Time since last request: 464.549772 seconds.
  path: Assets/Ladymito/Free_cat/Models/cat.fbx
  artifactKey: Guid(9b574434f73c46a4eb333235dd556599) Importer(815301076,1909f56bfc062723c751e8b465ee728b)
Start importing Assets/Ladymito/Free_cat/Models/cat.fbx using Guid(9b574434f73c46a4eb333235dd556599) Importer(815301076,1909f56bfc062723c751e8b465ee728b) [PhysX] Initialized MultithreadedTaskDispatcher with 8 workers.
[PhysX] Initialized MultithreadedTaskDispatcher with 8 workers.
[PhysX] Initialized MultithreadedTaskDispatcher with 8 workers.
[PhysX] Initialized MultithreadedTaskDispatcher with 8 workers.
 -> (artifact id: '81d6d28bd3bfef871e46dc54f0263b69') in 0.180813 seconds
Number of updated asset objects reloaded before import = 0
Number of asset objects unloaded after import = 119
========================================================================
Received Import Request.
  Time since last request: 17.446436 seconds.
  path: Assets/Joystick Pack/Prefabs/Fixed Joystick.prefab
  artifactKey: Guid(aaa2c939c0359ac4dbce3f49e8b90252) Importer(815301076,1909f56bfc062723c751e8b465ee728b)
Start importing Assets/Joystick Pack/Prefabs/Fixed Joystick.prefab using Guid(aaa2c939c0359ac4dbce3f49e8b90252) Importer(815301076,1909f56bfc062723c751e8b465ee728b) [PhysX] Initialized MultithreadedTaskDispatcher with 8 workers.
 -> (artifact id: 'd05bd742b3bace6ee96a283919c76543') in 0.008836 seconds
Number of updated asset objects reloaded before import = 0
Number of asset objects unloaded after import = 13
========================================================================
Received Import Request.
  Time since last request: 0.001028 seconds.
  path: Assets/Joystick Pack/Prefabs/Floating Joystick.prefab
  artifactKey: Guid(0d230cc8be529a542a08cb878ab14b18) Importer(815301076,1909f56bfc062723c751e8b465ee728b)
Start importing Assets/Joystick Pack/Prefabs/Floating Joystick.prefab using Guid(0d230cc8be529a542a08cb878ab14b18) Importer(815301076,1909f56bfc062723c751e8b465ee728b) [PhysX] Initialized MultithreadedTaskDispatcher with 8 workers.
 -> (artifact id: 'f3f3f0f43f94c2f1cf5504925b36f480') in 0.003492 seconds
Number of updated asset objects reloaded before import = 0
Number of asset objects unloaded after import = 17
========================================================================
Received Prepare
Caller must complete domain reload
Begin MonoManager ReloadAssembly
- Loaded All Assemblies, in  0.660 seconds
Native extension for WindowsStandalone target not found
Native extension for Android target not found
Mono: successfully reloaded assembly
- Finished resetting the current domain, in  1.392 seconds
Domain Reload Profiling: 2039ms
	BeginReloadAssembly (239ms)
		ExecutionOrderSort (0ms)
		DisableScriptedObjects (4ms)
		BackupInstance (0ms)
		ReleaseScriptingObjects (0ms)
		CreateAndSetChildDomain (38ms)
	RebuildCommonClasses (38ms)
	RebuildNativeTypeToScriptingClass (11ms)
	initialDomainReloadingComplete (46ms)
	LoadAllAssembliesAndSetupDomain (313ms)
		LoadAssemblies (445ms)
		RebuildTransferFunctionScriptingTraits (0ms)
		AnalyzeDomain (12ms)
			TypeCache.Refresh (5ms)
				TypeCache.ScanAssembly (0ms)
			ScanForSourceGeneratedMonoScriptInfo (0ms)
			ResolveRequiredComponents (5ms)
	FinalizeReload (1392ms)
		ReleaseScriptCaches (0ms)
		RebuildScriptCaches (0ms)
		SetupLoadedEditorAssemblies (488ms)
			LogAssemblyErrors (0ms)
			InitializePlatformSupportModulesInManaged (33ms)
			SetLoadedEditorAssemblies (4ms)
			RefreshPlugins (0ms)
			BeforeProcessingInitializeOnLoad (92ms)
			ProcessInitializeOnLoadAttributes (312ms)
			ProcessInitializeOnLoadMethodAttributes (23ms)
			AfterProcessingInitializeOnLoad (24ms)
			EditorAssembliesLoaded (0ms)
		ExecutionOrderSort2 (0ms)
		AwakeInstancesAfterBackupRestoration (9ms)
Refreshing native plugins compatible for Editor in 11.78 ms, found 3 plugins.
Preloading 0 native plugins for Editor in 0.00 ms.
Unloading 3186 Unused Serialized files (Serialized files now loaded: 0)
Unloading 16 unused Assets / (28.5 KB). Loaded Objects now: 3694.
Memory consumption went from 131.6 MB to 131.5 MB.
Total: 2.482900 ms (FindLiveObjects: 0.222300 ms CreateObjectMapping: 0.095100 ms MarkObjects: 2.123100 ms  DeleteObjects: 0.041100 ms)

Prepare: number of updated asset objects reloaded= 0
AssetImportParameters requested are different than current active one (requested -> active):
  custom:container-demuxer-ogg: 62fdf1f143b41e24485cea50d1cbac27 -> 
  custom:video-codec-MediaFoundation-h265: 746d11721c4dcdbdad8f713fa42b33f4 -> 
  custom:video-decoder-ogg-theora: a1e56fd34408186e4bbccfd4996cb3dc -> 
  custom:framework-win-MediaFoundation: 216162199b28c13a410421893ffa2e32 -> 
  custom:CustomObjectIndexerAttribute: 9a22284fe3817be447336de3de66b15e -> 
  custom:container-demuxer-webm: 4f35f7cbe854078d1ac9338744f61a02 -> 
  custom:container-muxer-webm: aa71ff27fc2769a1b78a27578f13a17b -> 
  custom:video-decoder-webm-vp8: 9c59270c3fd7afecdb556c50c9e8de78 -> 
  custom:SearchIndexIgnoredProperties: e643bd26f0fe6173181afceb89e7c659 -> 
  custom:AudioImporter_EditorPlatform: d09bf68614088b80899f8185d706f6e7 -> 
  custom:video-encoder-webm-vp8: eb34c28f22e8b96e1ab97ce403110664 -> 
  custom:audio-decoder-ogg-vorbis: bf7c407c2cedff20999df2af8eb42d56 -> 
  custom:audio-encoder-webm-vorbis: bf7c407c2cedff20999df2af8eb42d56 -> 
========================================================================
Received Prepare
Caller must complete domain reload
Begin MonoManager ReloadAssembly
- Loaded All Assemblies, in  0.665 seconds
Native extension for WindowsStandalone target not found
Native extension for Android target not found
Mono: successfully reloaded assembly
- Finished resetting the current domain, in  1.446 seconds
Domain Reload Profiling: 2098ms
	BeginReloadAssembly (194ms)
		ExecutionOrderSort (0ms)
		DisableScriptedObjects (8ms)
		BackupInstance (0ms)
		ReleaseScriptingObjects (0ms)
		CreateAndSetChildDomain (28ms)
	RebuildCommonClasses (37ms)
	RebuildNativeTypeToScriptingClass (8ms)
	initialDomainReloadingComplete (47ms)
	LoadAllAssembliesAndSetupDomain (365ms)
		LoadAssemblies (470ms)
		RebuildTransferFunctionScriptingTraits (0ms)
		AnalyzeDomain (17ms)
			TypeCache.Refresh (7ms)
				TypeCache.ScanAssembly (0ms)
			ScanForSourceGeneratedMonoScriptInfo (0ms)
			ResolveRequiredComponents (8ms)
	FinalizeReload (1447ms)
		ReleaseScriptCaches (0ms)
		RebuildScriptCaches (0ms)
		SetupLoadedEditorAssemblies (474ms)
			LogAssemblyErrors (0ms)
			InitializePlatformSupportModulesInManaged (34ms)
			SetLoadedEditorAssemblies (4ms)
			RefreshPlugins (0ms)
			BeforeProcessingInitializeOnLoad (91ms)
			ProcessInitializeOnLoadAttributes (299ms)
			ProcessInitializeOnLoadMethodAttributes (22ms)
			AfterProcessingInitializeOnLoad (24ms)
			EditorAssembliesLoaded (0ms)
		ExecutionOrderSort2 (0ms)
		AwakeInstancesAfterBackupRestoration (10ms)
Refreshing native plugins compatible for Editor in 15.07 ms, found 3 plugins.
Preloading 0 native plugins for Editor in 0.00 ms.
Unloading 3187 Unused Serialized files (Serialized files now loaded: 0)
Unloading 16 unused Assets / (28.5 KB). Loaded Objects now: 3697.
Memory consumption went from 131.8 MB to 131.8 MB.
Total: 4.036400 ms (FindLiveObjects: 0.367600 ms CreateObjectMapping: 0.305000 ms MarkObjects: 3.280100 ms  DeleteObjects: 0.082000 ms)

Prepare: number of updated asset objects reloaded= 0
AssetImportParameters requested are different than current active one (requested -> active):
  custom:container-demuxer-ogg: 62fdf1f143b41e24485cea50d1cbac27 -> 
  custom:video-codec-MediaFoundation-h265: 746d11721c4dcdbdad8f713fa42b33f4 -> 
  custom:video-decoder-ogg-theora: a1e56fd34408186e4bbccfd4996cb3dc -> 
  custom:framework-win-MediaFoundation: 216162199b28c13a410421893ffa2e32 -> 
  custom:CustomObjectIndexerAttribute: 9a22284fe3817be447336de3de66b15e -> 
  custom:container-demuxer-webm: 4f35f7cbe854078d1ac9338744f61a02 -> 
  custom:container-muxer-webm: aa71ff27fc2769a1b78a27578f13a17b -> 
  custom:video-decoder-webm-vp8: 9c59270c3fd7afecdb556c50c9e8de78 -> 
  custom:SearchIndexIgnoredProperties: e643bd26f0fe6173181afceb89e7c659 -> 
  custom:AudioImporter_EditorPlatform: d09bf68614088b80899f8185d706f6e7 -> 
  custom:video-encoder-webm-vp8: eb34c28f22e8b96e1ab97ce403110664 -> 
  custom:audio-decoder-ogg-vorbis: bf7c407c2cedff20999df2af8eb42d56 -> 
  custom:audio-encoder-webm-vorbis: bf7c407c2cedff20999df2af8eb42d56 -> 
========================================================================
Received Prepare
Caller must complete domain reload
Begin MonoManager ReloadAssembly
- Loaded All Assemblies, in  6.469 seconds
Native extension for WindowsStandalone target not found
Native extension for Android target not found
Mono: successfully reloaded assembly
- Finished resetting the current domain, in 25.922 seconds
Domain Reload Profiling: 32364ms
	BeginReloadAssembly (349ms)
		ExecutionOrderSort (0ms)
		DisableScriptedObjects (10ms)
		BackupInstance (0ms)
		ReleaseScriptingObjects (0ms)
		CreateAndSetChildDomain (47ms)
	RebuildCommonClasses (75ms)
	RebuildNativeTypeToScriptingClass (24ms)
	initialDomainReloadingComplete (102ms)
	LoadAllAssembliesAndSetupDomain (5891ms)
		LoadAssemblies (6084ms)
		RebuildTransferFunctionScriptingTraits (0ms)
		AnalyzeDomain (43ms)
			TypeCache.Refresh (17ms)
				TypeCache.ScanAssembly (2ms)
			ScanForSourceGeneratedMonoScriptInfo (10ms)
			ResolveRequiredComponents (13ms)
	FinalizeReload (25923ms)
		ReleaseScriptCaches (0ms)
		RebuildScriptCaches (0ms)
		SetupLoadedEditorAssemblies (966ms)
			LogAssemblyErrors (0ms)
			InitializePlatformSupportModulesInManaged (61ms)
			SetLoadedEditorAssemblies (9ms)
			RefreshPlugins (0ms)
			BeforeProcessingInitializeOnLoad (187ms)
			ProcessInitializeOnLoadAttributes (601ms)
			ProcessInitializeOnLoadMethodAttributes (49ms)
			AfterProcessingInitializeOnLoad (59ms)
			EditorAssembliesLoaded (0ms)
		ExecutionOrderSort2 (0ms)
		AwakeInstancesAfterBackupRestoration (22ms)
Refreshing native plugins compatible for Editor in 26.55 ms, found 3 plugins.
Preloading 0 native plugins for Editor in 0.00 ms.
Unloading 3188 Unused Serialized files (Serialized files now loaded: 0)
Unloading 16 unused Assets / (28.5 KB). Loaded Objects now: 3701.
Memory consumption went from 131.8 MB to 131.8 MB.
Total: 4.443600 ms (FindLiveObjects: 0.284600 ms CreateObjectMapping: 0.116600 ms MarkObjects: 3.984800 ms  DeleteObjects: 0.056300 ms)

Prepare: number of updated asset objects reloaded= 0
AssetImportParameters requested are different than current active one (requested -> active):
  custom:container-demuxer-ogg: 62fdf1f143b41e24485cea50d1cbac27 -> 
  custom:video-codec-MediaFoundation-h265: 746d11721c4dcdbdad8f713fa42b33f4 -> 
  custom:video-decoder-ogg-theora: a1e56fd34408186e4bbccfd4996cb3dc -> 
  custom:framework-win-MediaFoundation: 216162199b28c13a410421893ffa2e32 -> 
  custom:CustomObjectIndexerAttribute: 9a22284fe3817be447336de3de66b15e -> 
  custom:container-demuxer-webm: 4f35f7cbe854078d1ac9338744f61a02 -> 
  custom:container-muxer-webm: aa71ff27fc2769a1b78a27578f13a17b -> 
  custom:video-decoder-webm-vp8: 9c59270c3fd7afecdb556c50c9e8de78 -> 
  custom:SearchIndexIgnoredProperties: e643bd26f0fe6173181afceb89e7c659 -> 
  custom:AudioImporter_EditorPlatform: d09bf68614088b80899f8185d706f6e7 -> 
  custom:video-encoder-webm-vp8: eb34c28f22e8b96e1ab97ce403110664 -> 
  custom:scripting/monoscript/fileName/Timeover.cs: 280dc5ec0320dd272a07bc7c718d7522 -> 
  custom:audio-decoder-ogg-vorbis: bf7c407c2cedff20999df2af8eb42d56 -> 
  custom:audio-encoder-webm-vorbis: bf7c407c2cedff20999df2af8eb42d56 -> 
  custom:scripting/precompiled-assembly-types:Assembly-CSharp: 1a35c9b8f3ac1e21483f61509885cf24 -> 943685b470addf5d7c9b40a703e66caa
========================================================================
Received Import Request.
  Time since last request: 319.974416 seconds.
  path: Assets/Scripts/Timeover.cs
  artifactKey: Guid(1ac09bfba5626d44c888ba4f40f794f1) Importer(815301076,1909f56bfc062723c751e8b465ee728b)
Start importing Assets/Scripts/Timeover.cs using Guid(1ac09bfba5626d44c888ba4f40f794f1) Importer(815301076,1909f56bfc062723c751e8b465ee728b) [PhysX] Initialized MultithreadedTaskDispatcher with 8 workers.
 -> (artifact id: '400ded23223a6f0ba601ebb26a7cec71') in 0.003632 seconds
Number of updated asset objects reloaded before import = 0
Number of asset objects unloaded after import = 0
========================================================================
Received Prepare
Caller must complete domain reload
Begin MonoManager ReloadAssembly
- Loaded All Assemblies, in  0.647 seconds
Native extension for WindowsStandalone target not found
Native extension for Android target not found
Mono: successfully reloaded assembly
- Finished resetting the current domain, in  1.172 seconds
Domain Reload Profiling: 1805ms
	BeginReloadAssembly (196ms)
		ExecutionOrderSort (0ms)
		DisableScriptedObjects (4ms)
		BackupInstance (0ms)
		ReleaseScriptingObjects (0ms)
		CreateAndSetChildDomain (27ms)
	RebuildCommonClasses (31ms)
	RebuildNativeTypeToScriptingClass (10ms)
	initialDomainReloadingComplete (43ms)
	LoadAllAssembliesAndSetupDomain (352ms)
		LoadAssemblies (457ms)
		RebuildTransferFunctionScriptingTraits (0ms)
		AnalyzeDomain (24ms)
			TypeCache.Refresh (10ms)
				TypeCache.ScanAssembly (1ms)
			ScanForSourceGeneratedMonoScriptInfo (7ms)
			ResolveRequiredComponents (5ms)
	FinalizeReload (1173ms)
		ReleaseScriptCaches (0ms)
		RebuildScriptCaches (0ms)
		SetupLoadedEditorAssemblies (398ms)
			LogAssemblyErrors (0ms)
			InitializePlatformSupportModulesInManaged (27ms)
			SetLoadedEditorAssemblies (4ms)
			RefreshPlugins (0ms)
			BeforeProcessingInitializeOnLoad (89ms)
			ProcessInitializeOnLoadAttributes (233ms)
			ProcessInitializeOnLoadMethodAttributes (19ms)
			AfterProcessingInitializeOnLoad (25ms)
			EditorAssembliesLoaded (0ms)
		ExecutionOrderSort2 (0ms)
		AwakeInstancesAfterBackupRestoration (9ms)
Refreshing native plugins compatible for Editor in 9.18 ms, found 3 plugins.
Preloading 0 native plugins for Editor in 0.00 ms.
Unloading 3186 Unused Serialized files (Serialized files now loaded: 0)
Unloading 17 unused Assets / (29.0 KB). Loaded Objects now: 3703.
Memory consumption went from 131.6 MB to 131.5 MB.
Total: 2.906000 ms (FindLiveObjects: 0.212600 ms CreateObjectMapping: 0.100600 ms MarkObjects: 2.544900 ms  DeleteObjects: 0.047000 ms)

Prepare: number of updated asset objects reloaded= 0
AssetImportParameters requested are different than current active one (requested -> active):
  custom:container-demuxer-ogg: 62fdf1f143b41e24485cea50d1cbac27 -> 
  custom:video-codec-MediaFoundation-h265: 746d11721c4dcdbdad8f713fa42b33f4 -> 
  custom:video-decoder-ogg-theora: a1e56fd34408186e4bbccfd4996cb3dc -> 
  custom:framework-win-MediaFoundation: 216162199b28c13a410421893ffa2e32 -> 
  custom:CustomObjectIndexerAttribute: 9a22284fe3817be447336de3de66b15e -> 
  custom:container-demuxer-webm: 4f35f7cbe854078d1ac9338744f61a02 -> 
  custom:container-muxer-webm: aa71ff27fc2769a1b78a27578f13a17b -> 
  custom:video-decoder-webm-vp8: 9c59270c3fd7afecdb556c50c9e8de78 -> 
  custom:SearchIndexIgnoredProperties: e643bd26f0fe6173181afceb89e7c659 -> 
  custom:AudioImporter_EditorPlatform: d09bf68614088b80899f8185d706f6e7 -> 
  custom:video-encoder-webm-vp8: eb34c28f22e8b96e1ab97ce403110664 -> 
  custom:scripting/monoscript/fileName/Timeover.cs: 280dc5ec0320dd272a07bc7c718d7522 -> 
  custom:audio-decoder-ogg-vorbis: bf7c407c2cedff20999df2af8eb42d56 -> 
  custom:audio-encoder-webm-vorbis: bf7c407c2cedff20999df2af8eb42d56 -> 
========================================================================
Received Import Request.
  Time since last request: 1232.336174 seconds.
  path: Assets/URP_WasteOvergrowth_SA/Prefabs/Trashbag/Prefab_Bag_G.prefab
  artifactKey: Guid(fd9efd1339d6937448e34e62640f6621) Importer(815301076,1909f56bfc062723c751e8b465ee728b)
Start importing Assets/URP_WasteOvergrowth_SA/Prefabs/Trashbag/Prefab_Bag_G.prefab using Guid(fd9efd1339d6937448e34e62640f6621) Importer(815301076,1909f56bfc062723c751e8b465ee728b) [PhysX] Initialized MultithreadedTaskDispatcher with 8 workers.
[PhysX] Initialized MultithreadedTaskDispatcher with 8 workers.
 -> (artifact id: 'd3ee8495ba194cbc6208924869b3dac6') in 0.121773 seconds
Number of updated asset objects reloaded before import = 0
Number of asset objects unloaded after import = 30
========================================================================
Received Import Request.
  Time since last request: 0.000040 seconds.
  path: Assets/URP_WasteOvergrowth_SA/Prefabs/Trashbag/Prefab_Trashbag_2.prefab
  artifactKey: Guid(b5c12635e1e51bd44823dc3c6fd9eba4) Importer(815301076,1909f56bfc062723c751e8b465ee728b)
Start importing Assets/URP_WasteOvergrowth_SA/Prefabs/Trashbag/Prefab_Trashbag_2.prefab using Guid(b5c12635e1e51bd44823dc3c6fd9eba4) Importer(815301076,1909f56bfc062723c751e8b465ee728b) [PhysX] Initialized MultithreadedTaskDispatcher with 8 workers.
[PhysX] Initialized MultithreadedTaskDispatcher with 8 workers.
 -> (artifact id: '8efe3167719792bed332f8848e605d12') in 0.022475 seconds
Number of updated asset objects reloaded before import = 0
Number of asset objects unloaded after import = 29
========================================================================
Received Import Request.
  Time since last request: 0.000028 seconds.
  path: Assets/URP_WasteOvergrowth_SA/Prefabs/Trashbag/Prefab_TrashBag.prefab
  artifactKey: Guid(9cd1746789b311d4c9e0add4969236f1) Importer(815301076,1909f56bfc062723c751e8b465ee728b)
Start importing Assets/URP_WasteOvergrowth_SA/Prefabs/Trashbag/Prefab_TrashBag.prefab using Guid(9cd1746789b311d4c9e0add4969236f1) Importer(815301076,1909f56bfc062723c751e8b465ee728b) [PhysX] Initialized MultithreadedTaskDispatcher with 8 workers.
[PhysX] Initialized MultithreadedTaskDispatcher with 8 workers.
 -> (artifact id: '3cd64aa1d393deceaa2924900815bc8e') in 0.020065 seconds
Number of updated asset objects reloaded before import = 0
Number of asset objects unloaded after import = 31
========================================================================
Received Import Request.
  Time since last request: 0.910435 seconds.
  path: Assets/URP_WasteOvergrowth_SA/Prefabs/TrashContainer/Prefab_TrashCart.prefab
  artifactKey: Guid(70be6eeb08c5ae845948539c7779666e) Importer(815301076,1909f56bfc062723c751e8b465ee728b)
Start importing Assets/URP_WasteOvergrowth_SA/Prefabs/TrashContainer/Prefab_TrashCart.prefab using Guid(70be6eeb08c5ae845948539c7779666e) Importer(815301076,1909f56bfc062723c751e8b465ee728b) [PhysX] Initialized MultithreadedTaskDispatcher with 8 workers.
[PhysX] Initialized MultithreadedTaskDispatcher with 8 workers.
 -> (artifact id: '811519749178f3436daf59bcb327e40d') in 0.019957 seconds
Number of updated asset objects reloaded before import = 0
Number of asset objects unloaded after import = 47
========================================================================
Received Import Request.
  Time since last request: 0.000021 seconds.
  path: Assets/URP_WasteOvergrowth_SA/Prefabs/TrashContainer/Prefab_TrashCart_Opened.prefab
  artifactKey: Guid(414cadc8392ee89489bb741f0e5d2848) Importer(815301076,1909f56bfc062723c751e8b465ee728b)
Start importing Assets/URP_WasteOvergrowth_SA/Prefabs/TrashContainer/Prefab_TrashCart_Opened.prefab using Guid(414cadc8392ee89489bb741f0e5d2848) Importer(815301076,1909f56bfc062723c751e8b465ee728b) [PhysX] Initialized MultithreadedTaskDispatcher with 8 workers.
[PhysX] Initialized MultithreadedTaskDispatcher with 8 workers.
 -> (artifact id: '86db7a709f771c886a7926ce93f7c452') in 0.024835 seconds
Number of updated asset objects reloaded before import = 0
Number of asset objects unloaded after import = 95
========================================================================
Received Import Request.
  Time since last request: 0.784803 seconds.
  path: Assets/URP_WasteOvergrowth_SA/Prefabs/TrashGroup/Prefab_TrashGroup_2.prefab
  artifactKey: Guid(f9a0f8c3fb0ed0e4295942a9cbc2a182) Importer(815301076,1909f56bfc062723c751e8b465ee728b)
Start importing Assets/URP_WasteOvergrowth_SA/Prefabs/TrashGroup/Prefab_TrashGroup_2.prefab using Guid(f9a0f8c3fb0ed0e4295942a9cbc2a182) Importer(815301076,1909f56bfc062723c751e8b465ee728b) [PhysX] Initialized MultithreadedTaskDispatcher with 8 workers.
[PhysX] Initialized MultithreadedTaskDispatcher with 8 workers.
 -> (artifact id: '51aa45f3c0f4e23c8214bd006eccc855') in 0.394238 seconds
Number of updated asset objects reloaded before import = 0
Number of asset objects unloaded after import = 504
========================================================================
Received Import Request.
  Time since last request: 0.000026 seconds.
  path: Assets/URP_WasteOvergrowth_SA/Prefabs/TrashGroup/Prefab_TrashGroup_6.prefab
  artifactKey: Guid(7cd322da075b31041b51cb50cea55a2f) Importer(815301076,1909f56bfc062723c751e8b465ee728b)
Start importing Assets/URP_WasteOvergrowth_SA/Prefabs/TrashGroup/Prefab_TrashGroup_6.prefab using Guid(7cd322da075b31041b51cb50cea55a2f) Importer(815301076,1909f56bfc062723c751e8b465ee728b) [PhysX] Initialized MultithreadedTaskDispatcher with 8 workers.
[PhysX] Initialized MultithreadedTaskDispatcher with 8 workers.
 -> (artifact id: 'aaf26b0168a34a6d84633137708c398b') in 0.088368 seconds
Number of updated asset objects reloaded before import = 0
Number of asset objects unloaded after import = 603
========================================================================
Received Import Request.
  Time since last request: 0.000039 seconds.
  path: Assets/URP_WasteOvergrowth_SA/Prefabs/TrashGroup/Prefab_TrashGroup_13.prefab
  artifactKey: Guid(b59ce8fd5b976cc4e813aacb7472dbe2) Importer(815301076,1909f56bfc062723c751e8b465ee728b)
Start importing Assets/URP_WasteOvergrowth_SA/Prefabs/TrashGroup/Prefab_TrashGroup_13.prefab using Guid(b59ce8fd5b976cc4e813aacb7472dbe2) Importer(815301076,1909f56bfc062723c751e8b465ee728b) [PhysX] Initialized MultithreadedTaskDispatcher with 8 workers.
[PhysX] Initialized MultithreadedTaskDispatcher with 8 workers.
 -> (artifact id: '28e12b2c1b6657e6509c6c3ae49bd072') in 0.059190 seconds
Number of updated asset objects reloaded before import = 0
Number of asset objects unloaded after import = 770
========================================================================
Received Import Request.
  Time since last request: 0.000027 seconds.
  path: Assets/URP_WasteOvergrowth_SA/Prefabs/TrashGroup/Prefab_TrashGroup_9.prefab
  artifactKey: Guid(a5a8048c3779dc640a256746ce776b0d) Importer(815301076,1909f56bfc062723c751e8b465ee728b)
Start importing Assets/URP_WasteOvergrowth_SA/Prefabs/TrashGroup/Prefab_TrashGroup_9.prefab using Guid(a5a8048c3779dc640a256746ce776b0d) Importer(815301076,1909f56bfc062723c751e8b465ee728b) [PhysX] Initialized MultithreadedTaskDispatcher with 8 workers.
[PhysX] Initialized MultithreadedTaskDispatcher with 8 workers.
 -> (artifact id: '02027a655bc46f37340070d4d194e1ca') in 0.115006 seconds
Number of updated asset objects reloaded before import = 0
Number of asset objects unloaded after import = 650
========================================================================
Received Import Request.
  Time since last request: 0.000033 seconds.
  path: Assets/URP_WasteOvergrowth_SA/Prefabs/TrashGroup/Prefab_TrashGroup_3.prefab
  artifactKey: Guid(565029c83065d384897dc7b69c098d83) Importer(815301076,1909f56bfc062723c751e8b465ee728b)
Start importing Assets/URP_WasteOvergrowth_SA/Prefabs/TrashGroup/Prefab_TrashGroup_3.prefab using Guid(565029c83065d384897dc7b69c098d83) Importer(815301076,1909f56bfc062723c751e8b465ee728b) [PhysX] Initialized MultithreadedTaskDispatcher with 8 workers.
[PhysX] Initialized MultithreadedTaskDispatcher with 8 workers.
 -> (artifact id: '90206bed833fe7b68c6e934d270b0dce') in 0.075275 seconds
Number of updated asset objects reloaded before import = 0
Number of asset objects unloaded after import = 621
========================================================================
Received Import Request.
  Time since last request: 0.000030 seconds.
  path: Assets/URP_WasteOvergrowth_SA/Prefabs/TrashGroup/Prefab_TrashGroup_7.prefab
  artifactKey: Guid(c61f45f680603714daa1fd296c4cefa3) Importer(815301076,1909f56bfc062723c751e8b465ee728b)
Start importing Assets/URP_WasteOvergrowth_SA/Prefabs/TrashGroup/Prefab_TrashGroup_7.prefab using Guid(c61f45f680603714daa1fd296c4cefa3) Importer(815301076,1909f56bfc062723c751e8b465ee728b) [PhysX] Initialized MultithreadedTaskDispatcher with 8 workers.
[PhysX] Initialized MultithreadedTaskDispatcher with 8 workers.
 -> (artifact id: '123d168d8e0386fab45520fb334dbf85') in 0.057708 seconds
Number of updated asset objects reloaded before import = 0
Number of asset objects unloaded after import = 555
========================================================================
Received Import Request.
  Time since last request: 0.000045 seconds.
  path: Assets/URP_WasteOvergrowth_SA/Prefabs/TrashGroup/Prefab_TrashGroup_8.prefab
  artifactKey: Guid(54e875ec4eab3eb468fee4d68590267f) Importer(815301076,1909f56bfc062723c751e8b465ee728b)
Start importing Assets/URP_WasteOvergrowth_SA/Prefabs/TrashGroup/Prefab_TrashGroup_8.prefab using Guid(54e875ec4eab3eb468fee4d68590267f) Importer(815301076,1909f56bfc062723c751e8b465ee728b) [PhysX] Initialized MultithreadedTaskDispatcher with 8 workers.
[PhysX] Initialized MultithreadedTaskDispatcher with 8 workers.
 -> (artifact id: 'a4ab4fd6e59d9cd269cbc3c829bc291b') in 0.096879 seconds
Number of updated asset objects reloaded before import = 0
Number of asset objects unloaded after import = 971
========================================================================
Received Import Request.
  Time since last request: 3.254723 seconds.
  path: Assets/URP_WasteOvergrowth_SA/Prefabs/Paper/Grouped/Prefab_PaperGroup_03.prefab
  artifactKey: Guid(14e5526e25094cd4392c3d6f7f5d0111) Importer(815301076,1909f56bfc062723c751e8b465ee728b)
Start importing Assets/URP_WasteOvergrowth_SA/Prefabs/Paper/Grouped/Prefab_PaperGroup_03.prefab using Guid(14e5526e25094cd4392c3d6f7f5d0111) Importer(815301076,1909f56bfc062723c751e8b465ee728b) [PhysX] Initialized MultithreadedTaskDispatcher with 8 workers.
 -> (artifact id: 'f241b578d963b3d985912049dc37c844') in 0.003258 seconds
Number of updated asset objects reloaded before import = 0
Number of asset objects unloaded after import = 5
========================================================================
Received Import Request.
  Time since last request: 47.035770 seconds.
  path: Assets/URP_WasteOvergrowth_SA/Prefabs/TrashPile/Prefab_Pile3.prefab
  artifactKey: Guid(57589b00c237bc04281e5cd0bc0bb28c) Importer(815301076,1909f56bfc062723c751e8b465ee728b)
Start importing Assets/URP_WasteOvergrowth_SA/Prefabs/TrashPile/Prefab_Pile3.prefab using Guid(57589b00c237bc04281e5cd0bc0bb28c) Importer(815301076,1909f56bfc062723c751e8b465ee728b) [PhysX] Initialized MultithreadedTaskDispatcher with 8 workers.
[PhysX] Initialized MultithreadedTaskDispatcher with 8 workers.
 -> (artifact id: '2a9769067687394be8e7b2bf41f10ce9') in 0.032293 seconds
Number of updated asset objects reloaded before import = 0
Number of asset objects unloaded after import = 20
========================================================================
Received Import Request.
  Time since last request: 6.388491 seconds.
  path: Assets/URP_WasteOvergrowth_SA/Mesh/Bottle/Mesh_CoffeeCup.fbx
  artifactKey: Guid(f90029f5d7aa7d24997f3a0f0326c933) Importer(815301076,1909f56bfc062723c751e8b465ee728b)
Start importing Assets/URP_WasteOvergrowth_SA/Mesh/Bottle/Mesh_CoffeeCup.fbx using Guid(f90029f5d7aa7d24997f3a0f0326c933) Importer(815301076,1909f56bfc062723c751e8b465ee728b) [PhysX] Initialized MultithreadedTaskDispatcher with 8 workers.
[PhysX] Initialized MultithreadedTaskDispatcher with 8 workers.
[PhysX] Initialized MultithreadedTaskDispatcher with 8 workers.
[PhysX] Initialized MultithreadedTaskDispatcher with 8 workers.
[PhysX] Initialized MultithreadedTaskDispatcher with 8 workers.
[PhysX] Initialized MultithreadedTaskDispatcher with 8 workers.
 -> (artifact id: 'e1d0b0656abc9c641491465c4209aa07') in 0.092564 seconds
Number of updated asset objects reloaded before import = 0
Number of asset objects unloaded after import = 13
========================================================================
Received Import Request.
  Time since last request: 0.000023 seconds.
  path: Assets/URP_WasteOvergrowth_SA/Mesh/Bottle/Mesh_SodaBottle_L.fbx
  artifactKey: Guid(a88739dd101d5524aaa6d69ac754f807) Importer(815301076,1909f56bfc062723c751e8b465ee728b)
Start importing Assets/URP_WasteOvergrowth_SA/Mesh/Bottle/Mesh_SodaBottle_L.fbx using Guid(a88739dd101d5524aaa6d69ac754f807) Importer(815301076,1909f56bfc062723c751e8b465ee728b) [PhysX] Initialized MultithreadedTaskDispatcher with 8 workers.
[PhysX] Initialized MultithreadedTaskDispatcher with 8 workers.
[PhysX] Initialized MultithreadedTaskDispatcher with 8 workers.
[PhysX] Initialized MultithreadedTaskDispatcher with 8 workers.
 -> (artifact id: '51c8ce23228cf2ffc041aa4c05521426') in 0.034743 seconds
Number of updated asset objects reloaded before import = 0
Number of asset objects unloaded after import = 8
========================================================================
Received Import Request.
  Time since last request: 0.000022 seconds.
  path: Assets/URP_WasteOvergrowth_SA/Mesh/Bottle/Mesh_WaterBottle_L.fbx
  artifactKey: Guid(88edcbe1f25ae30499a98165782eafc9) Importer(815301076,1909f56bfc062723c751e8b465ee728b)
Start importing Assets/URP_WasteOvergrowth_SA/Mesh/Bottle/Mesh_WaterBottle_L.fbx using Guid(88edcbe1f25ae30499a98165782eafc9) Importer(815301076,1909f56bfc062723c751e8b465ee728b) [PhysX] Initialized MultithreadedTaskDispatcher with 8 workers.
[PhysX] Initialized MultithreadedTaskDispatcher with 8 workers.
[PhysX] Initialized MultithreadedTaskDispatcher with 8 workers.
[PhysX] Initialized MultithreadedTaskDispatcher with 8 workers.
 -> (artifact id: '6a81a5aba6126cd139b7491072fbf230') in 0.031034 seconds
Number of updated asset objects reloaded before import = 0
Number of asset objects unloaded after import = 8
========================================================================
Received Import Request.
  Time since last request: 0.287588 seconds.
  path: Assets/URP_WasteOvergrowth_SA/Mesh/Food/Mesh_cabbage.fbx
  artifactKey: Guid(84498db312a79a44a8e09d9443948cd5) Importer(815301076,1909f56bfc062723c751e8b465ee728b)
Start importing Assets/URP_WasteOvergrowth_SA/Mesh/Food/Mesh_cabbage.fbx using Guid(84498db312a79a44a8e09d9443948cd5) Importer(815301076,1909f56bfc062723c751e8b465ee728b) [PhysX] Initialized MultithreadedTaskDispatcher with 8 workers.
[PhysX] Initialized MultithreadedTaskDispatcher with 8 workers.
[PhysX] Initialized MultithreadedTaskDispatcher with 8 workers.
[PhysX] Initialized MultithreadedTaskDispatcher with 8 workers.
[PhysX] Initialized MultithreadedTaskDispatcher with 8 workers.
[PhysX] Initialized MultithreadedTaskDispatcher with 8 workers.
[PhysX] Initialized MultithreadedTaskDispatcher with 8 workers.
[PhysX] Initialized MultithreadedTaskDispatcher with 8 workers.
[PhysX] Initialized MultithreadedTaskDispatcher with 8 workers.
 -> (artifact id: '28fe675e9f348fdbd7ed79fca00fd197') in 0.056020 seconds
Number of updated asset objects reloaded before import = 0
Number of asset objects unloaded after import = 20
========================================================================
Received Import Request.
  Time since last request: 0.000025 seconds.
  path: Assets/URP_WasteOvergrowth_SA/Mesh/Food/Mesh_cabbage_Leaf.fbx
  artifactKey: Guid(546c4a56e0be256438284192c09bbbe3) Importer(815301076,1909f56bfc062723c751e8b465ee728b)
Start importing Assets/URP_WasteOvergrowth_SA/Mesh/Food/Mesh_cabbage_Leaf.fbx using Guid(546c4a56e0be256438284192c09bbbe3) Importer(815301076,1909f56bfc062723c751e8b465ee728b) [PhysX] Initialized MultithreadedTaskDispatcher with 8 workers.
[PhysX] Initialized MultithreadedTaskDispatcher with 8 workers.
[PhysX] Initialized MultithreadedTaskDispatcher with 8 workers.
[PhysX] Initialized MultithreadedTaskDispatcher with 8 workers.
 -> (artifact id: 'bb107239bb5ed8e05fb535b7a665cfba') in 0.027526 seconds
Number of updated asset objects reloaded before import = 0
Number of asset objects unloaded after import = 8
========================================================================
Received Import Request.
  Time since last request: 0.000022 seconds.
  path: Assets/URP_WasteOvergrowth_SA/Mesh/Food/Mesh_Pizza.fbx
  artifactKey: Guid(1ad8fe0bdd6e0ce47b8f5075a61aef15) Importer(815301076,1909f56bfc062723c751e8b465ee728b)
Start importing Assets/URP_WasteOvergrowth_SA/Mesh/Food/Mesh_Pizza.fbx using Guid(1ad8fe0bdd6e0ce47b8f5075a61aef15) Importer(815301076,1909f56bfc062723c751e8b465ee728b) [PhysX] Initialized MultithreadedTaskDispatcher with 8 workers.
[PhysX] Initialized MultithreadedTaskDispatcher with 8 workers.
[PhysX] Initialized MultithreadedTaskDispatcher with 8 workers.
[PhysX] Initialized MultithreadedTaskDispatcher with 8 workers.
 -> (artifact id: '8086fb21f6f40be59ea99380f2d518da') in 0.026678 seconds
Number of updated asset objects reloaded before import = 0
Number of asset objects unloaded after import = 8
========================================================================
Received Import Request.
  Time since last request: 1.781740 seconds.
  path: Assets/URP_WasteOvergrowth_SA/Mesh/TrashBag/Mesh_Bag3.fbx
  artifactKey: Guid(73e12bb1ce3e9e249971a7c44b1b15df) Importer(815301076,1909f56bfc062723c751e8b465ee728b)
Start importing Assets/URP_WasteOvergrowth_SA/Mesh/TrashBag/Mesh_Bag3.fbx using Guid(73e12bb1ce3e9e249971a7c44b1b15df) Importer(815301076,1909f56bfc062723c751e8b465ee728b) [PhysX] Initialized MultithreadedTaskDispatcher with 8 workers.
[PhysX] Initialized MultithreadedTaskDispatcher with 8 workers.
[PhysX] Initialized MultithreadedTaskDispatcher with 8 workers.
[PhysX] Initialized MultithreadedTaskDispatcher with 8 workers.
[PhysX] Initialized MultithreadedTaskDispatcher with 8 workers.
[PhysX] Initialized MultithreadedTaskDispatcher with 8 workers.
 -> (artifact id: '5e14cebbfb130b7f35e7df7bd3754085') in 0.037326 seconds
Number of updated asset objects reloaded before import = 0
Number of asset objects unloaded after import = 13
========================================================================
Received Import Request.
  Time since last request: 34.571413 seconds.
  path: Assets/Prefabs/Sphere.prefab
  artifactKey: Guid(57bd9b4296ce75f4893cf1babce2e0ff) Importer(815301076,1909f56bfc062723c751e8b465ee728b)
Start importing Assets/Prefabs/Sphere.prefab using Guid(57bd9b4296ce75f4893cf1babce2e0ff) Importer(815301076,1909f56bfc062723c751e8b465ee728b) [PhysX] Initialized MultithreadedTaskDispatcher with 8 workers.
[PhysX] Initialized MultithreadedTaskDispatcher with 8 workers.
 -> (artifact id: 'df6cb24f3e6a2ea2671d4ab6e6397c61') in 0.032744 seconds
Number of updated asset objects reloaded before import = 0
Number of asset objects unloaded after import = 11
========================================================================
Received Import Request.
  Time since last request: 0.000028 seconds.
  path: Assets/Prefabs/TestTrash.prefab
  artifactKey: Guid(264f27321398a19428a990c7d115d7fb) Importer(815301076,1909f56bfc062723c751e8b465ee728b)
Start importing Assets/Prefabs/TestTrash.prefab using Guid(264f27321398a19428a990c7d115d7fb) Importer(815301076,1909f56bfc062723c751e8b465ee728b) [PhysX] Initialized MultithreadedTaskDispatcher with 8 workers.
[PhysX] Initialized MultithreadedTaskDispatcher with 8 workers.
 -> (artifact id: 'a68753679e03344dfd9f110ef51bf49a') in 0.030294 seconds
Number of updated asset objects reloaded before import = 0
Number of asset objects unloaded after import = 10
========================================================================
Received Import Request.
  Time since last request: 18.311590 seconds.
  path: Assets/URP_WasteOvergrowth_SA/Prefabs/FooDContainer/Prefab_Pizzabox.prefab
  artifactKey: Guid(6b33774543b7deb4988a0676e64e21fb) Importer(815301076,1909f56bfc062723c751e8b465ee728b)
Start importing Assets/URP_WasteOvergrowth_SA/Prefabs/FooDContainer/Prefab_Pizzabox.prefab using Guid(6b33774543b7deb4988a0676e64e21fb) Importer(815301076,1909f56bfc062723c751e8b465ee728b) [PhysX] Initialized MultithreadedTaskDispatcher with 8 workers.
[PhysX] Initialized MultithreadedTaskDispatcher with 8 workers.
 -> (artifact id: '838f9546eef762d9a4644738ac7979f8') in 0.038369 seconds
Number of updated asset objects reloaded before import = 0
Number of asset objects unloaded after import = 29
========================================================================
Received Import Request.
  Time since last request: 0.808581 seconds.
  path: Assets/URP_WasteOvergrowth_SA/Prefabs/Food/Prefab_Applecore.prefab
  artifactKey: Guid(97ae4acfac07bd14a962c26d607749fc) Importer(815301076,1909f56bfc062723c751e8b465ee728b)
Start importing Assets/URP_WasteOvergrowth_SA/Prefabs/Food/Prefab_Applecore.prefab using Guid(97ae4acfac07bd14a962c26d607749fc) Importer(815301076,1909f56bfc062723c751e8b465ee728b) [PhysX] Initialized MultithreadedTaskDispatcher with 8 workers.
[PhysX] Initialized MultithreadedTaskDispatcher with 8 workers.
 -> (artifact id: '5edf58b0755f8b997379fa9b81881def') in 0.020451 seconds
Number of updated asset objects reloaded before import = 0
Number of asset objects unloaded after import = 21
========================================================================
Received Import Request.
  Time since last request: 0.000018 seconds.
  path: Assets/URP_WasteOvergrowth_SA/Prefabs/Food/Prefab_toast.prefab
  artifactKey: Guid(5db318414bc2b8f4fb26b0ce6bf80cc3) Importer(815301076,1909f56bfc062723c751e8b465ee728b)
Start importing Assets/URP_WasteOvergrowth_SA/Prefabs/Food/Prefab_toast.prefab using Guid(5db318414bc2b8f4fb26b0ce6bf80cc3) Importer(815301076,1909f56bfc062723c751e8b465ee728b) [PhysX] Initialized MultithreadedTaskDispatcher with 8 workers.
[PhysX] Initialized MultithreadedTaskDispatcher with 8 workers.
 -> (artifact id: '50c9df8871899936de908b20932b62d3') in 0.019764 seconds
Number of updated asset objects reloaded before import = 0
Number of asset objects unloaded after import = 20
========================================================================
Received Import Request.
  Time since last request: 0.000025 seconds.
  path: Assets/URP_WasteOvergrowth_SA/Prefabs/Food/Prefab_carrot_chipped1.prefab
  artifactKey: Guid(ecc883a1d16f6c94294c945d89738838) Importer(815301076,1909f56bfc062723c751e8b465ee728b)
Start importing Assets/URP_WasteOvergrowth_SA/Prefabs/Food/Prefab_carrot_chipped1.prefab using Guid(ecc883a1d16f6c94294c945d89738838) Importer(815301076,1909f56bfc062723c751e8b465ee728b) [PhysX] Initialized MultithreadedTaskDispatcher with 8 workers.
[PhysX] Initialized MultithreadedTaskDispatcher with 8 workers.
 -> (artifact id: 'ba1ff2c655c90ca21673d6cdf04aa632') in 0.020648 seconds
Number of updated asset objects reloaded before import = 0
Number of asset objects unloaded after import = 20
========================================================================
Received Import Request.
  Time since last request: 0.000018 seconds.
  path: Assets/URP_WasteOvergrowth_SA/Prefabs/Food/Prefab_Cabbage_quarter.prefab
  artifactKey: Guid(39ea67c62c091fa469f61be91f50a89c) Importer(815301076,1909f56bfc062723c751e8b465ee728b)
Start importing Assets/URP_WasteOvergrowth_SA/Prefabs/Food/Prefab_Cabbage_quarter.prefab using Guid(39ea67c62c091fa469f61be91f50a89c) Importer(815301076,1909f56bfc062723c751e8b465ee728b) [PhysX] Initialized MultithreadedTaskDispatcher with 8 workers.
[PhysX] Initialized MultithreadedTaskDispatcher with 8 workers.
 -> (artifact id: '3d0c56bf75eb3a943959f6b5e4cef08f') in 0.020616 seconds
Number of updated asset objects reloaded before import = 0
Number of asset objects unloaded after import = 21
========================================================================
Received Import Request.
  Time since last request: 0.000019 seconds.
  path: Assets/URP_WasteOvergrowth_SA/Prefabs/Food/Prefab_Cabbage.prefab
  artifactKey: Guid(93b7a9c713813164a808362ac54590e5) Importer(815301076,1909f56bfc062723c751e8b465ee728b)
Start importing Assets/URP_WasteOvergrowth_SA/Prefabs/Food/Prefab_Cabbage.prefab using Guid(93b7a9c713813164a808362ac54590e5) Importer(815301076,1909f56bfc062723c751e8b465ee728b) [PhysX] Initialized MultithreadedTaskDispatcher with 8 workers.
[PhysX] Initialized MultithreadedTaskDispatcher with 8 workers.
 -> (artifact id: 'a569d6a0eed91bb1cfb2c9af4ad0f311') in 0.025726 seconds
Number of updated asset objects reloaded before import = 0
Number of asset objects unloaded after import = 43
========================================================================
Received Import Request.
  Time since last request: 0.000033 seconds.
  path: Assets/URP_WasteOvergrowth_SA/Prefabs/Food/Prefab_cabbage_leaf.prefab
  artifactKey: Guid(bde06f8dc54344444b560f6d2b4f2f4a) Importer(815301076,1909f56bfc062723c751e8b465ee728b)
Start importing Assets/URP_WasteOvergrowth_SA/Prefabs/Food/Prefab_cabbage_leaf.prefab using Guid(bde06f8dc54344444b560f6d2b4f2f4a) Importer(815301076,1909f56bfc062723c751e8b465ee728b) [PhysX] Initialized MultithreadedTaskDispatcher with 8 workers.
[PhysX] Initialized MultithreadedTaskDispatcher with 8 workers.
 -> (artifact id: 'b61b436dc544b82423da79aa468cdc3c') in 0.018595 seconds
Number of updated asset objects reloaded before import = 0
Number of asset objects unloaded after import = 20
========================================================================
Received Import Request.
  Time since last request: 6.031104 seconds.
  path: Assets/URP_WasteOvergrowth_SA/Mesh/Food Container/Mesh_BurgerBox_Main.fbx
  artifactKey: Guid(53012080f79b168468896b4f0ce142fb) Importer(815301076,1909f56bfc062723c751e8b465ee728b)
Start importing Assets/URP_WasteOvergrowth_SA/Mesh/Food Container/Mesh_BurgerBox_Main.fbx using Guid(53012080f79b168468896b4f0ce142fb) Importer(815301076,1909f56bfc062723c751e8b465ee728b) [PhysX] Initialized MultithreadedTaskDispatcher with 8 workers.
[PhysX] Initialized MultithreadedTaskDispatcher with 8 workers.
[PhysX] Initialized MultithreadedTaskDispatcher with 8 workers.
[PhysX] Initialized MultithreadedTaskDispatcher with 8 workers.
 -> (artifact id: 'e64f3b56dc52bf706824d863c97fe342') in 0.037361 seconds
Number of updated asset objects reloaded before import = 0
Number of asset objects unloaded after import = 8
========================================================================
Received Import Request.
  Time since last request: 0.000023 seconds.
  path: Assets/URP_WasteOvergrowth_SA/Mesh/Food Container/Mesh_SauceCup.fbx
  artifactKey: Guid(1e8013682658763499ecc3334518ba5f) Importer(815301076,1909f56bfc062723c751e8b465ee728b)
Start importing Assets/URP_WasteOvergrowth_SA/Mesh/Food Container/Mesh_SauceCup.fbx using Guid(1e8013682658763499ecc3334518ba5f) Importer(815301076,1909f56bfc062723c751e8b465ee728b) [PhysX] Initialized MultithreadedTaskDispatcher with 8 workers.
[PhysX] Initialized MultithreadedTaskDispatcher with 8 workers.
[PhysX] Initialized MultithreadedTaskDispatcher with 8 workers.
[PhysX] Initialized MultithreadedTaskDispatcher with 8 workers.
[PhysX] Initialized MultithreadedTaskDispatcher with 8 workers.
[PhysX] Initialized MultithreadedTaskDispatcher with 8 workers.
 -> (artifact id: 'ecfbfd5b70b4c3e81ae0a3425f95f641') in 0.076669 seconds
Number of updated asset objects reloaded before import = 0
Number of asset objects unloaded after import = 13
========================================================================
Received Import Request.
  Time since last request: 5.140200 seconds.
  path: Assets/URP_WasteOvergrowth_SA/Mesh/TrashPiile/Mesh_pile3.fbx
  artifactKey: Guid(ee0935d270276134c88b4a5697cacd99) Importer(815301076,1909f56bfc062723c751e8b465ee728b)
Start importing Assets/URP_WasteOvergrowth_SA/Mesh/TrashPiile/Mesh_pile3.fbx using Guid(ee0935d270276134c88b4a5697cacd99) Importer(815301076,1909f56bfc062723c751e8b465ee728b) [PhysX] Initialized MultithreadedTaskDispatcher with 8 workers.
[PhysX] Initialized MultithreadedTaskDispatcher with 8 workers.
[PhysX] Initialized MultithreadedTaskDispatcher with 8 workers.
[PhysX] Initialized MultithreadedTaskDispatcher with 8 workers.
 -> (artifact id: '0940cae1af5154153946b19cc7abf6dc') in 0.033962 seconds
Number of updated asset objects reloaded before import = 0
Number of asset objects unloaded after import = 8
Editor requested this worker to shutdown with reason: Scaling down because of idle timeout
TcpMessagingSession - receive error: operation aborted. errorcode: 995, details: 스레드 종료 또는 응용 프로그램 요청 때문에 I/O 작업이 취소되었습니다.
AssetImportWorker is now disconnected from the server
Process exiting
Exiting without the bug reporter. Application will terminate with return code 0